Component: ARM Compiler 5.06 update 7 (build 960) Tool: armlink [4d3601]

==============================================================================

Section Cross References

    startup_stm32f10x_hd.o(RESET) refers to startup_stm32f10x_hd.o(STACK) for __initial_sp
    startup_stm32f10x_hd.o(RESET) refers to startup_stm32f10x_hd.o(.text) for Reset_Handler
    startup_stm32f10x_hd.o(RESET) refers to stm32f10x_it.o(.text) for NMI_Handler
    startup_stm32f10x_hd.o(RESET) refers to data_processing.o(.text) for EXTI4_IRQHandler
    startup_stm32f10x_hd.o(RESET) refers to tim2.o(.text) for TIM2_IRQHandler
    startup_stm32f10x_hd.o(RESET) refers to user_usart2.o(.text) for USART2_IRQHandler
    startup_stm32f10x_hd.o(RESET) refers to user_usart3.o(.text) for USART3_IRQHandler
    startup_stm32f10x_hd.o(RESET) refers to user_usart4.o(.text) for UART4_IRQHandler
    startup_stm32f10x_hd.o(.text) refers to system_stm32f10x.o(.text) for SystemInit
    startup_stm32f10x_hd.o(.text) refers to entry.o(.ARM.Collect$$$$00000000) for __main
    system_stm32f10x.o(.text) refers to system_stm32f10x.o(.data) for SystemCoreClock
    stm32f10x_gpio.o(.text) refers to stm32f10x_rcc.o(.text) for RCC_APB2PeriphResetCmd
    stm32f10x_rcc.o(.text) refers to stm32f10x_rcc.o(.data) for APBAHBPrescTable
    stm32f10x_usart.o(.text) refers to stm32f10x_rcc.o(.text) for RCC_APB2PeriphResetCmd
    stm32f10x_adc.o(.text) refers to stm32f10x_rcc.o(.text) for RCC_APB2PeriphResetCmd
    stm32f10x_tim.o(.text) refers to stm32f10x_rcc.o(.text) for RCC_APB2PeriphResetCmd
    stm32f10x_can.o(.text) refers to stm32f10x_rcc.o(.text) for RCC_APB1PeriphResetCmd
    stm32f10x_bkp.o(.text) refers to stm32f10x_rcc.o(.text) for RCC_BackupResetCmd
    stm32f10x_cec.o(.text) refers to stm32f10x_rcc.o(.text) for RCC_APB1PeriphResetCmd
    stm32f10x_dac.o(.text) refers to stm32f10x_rcc.o(.text) for RCC_APB1PeriphResetCmd
    stm32f10x_i2c.o(.text) refers to stm32f10x_rcc.o(.text) for RCC_APB1PeriphResetCmd
    stm32f10x_pwr.o(.text) refers to stm32f10x_rcc.o(.text) for RCC_APB1PeriphResetCmd
    stm32f10x_spi.o(.text) refers to stm32f10x_rcc.o(.text) for RCC_APB2PeriphResetCmd
    stm32f10x_wwdg.o(.text) refers to stm32f10x_rcc.o(.text) for RCC_APB1PeriphResetCmd
    main.o(.text) refers to stm32f10x_iwdg.o(.text) for IWDG_WriteAccessCmd
    main.o(.text) refers to stm32f10x_rcc.o(.text) for RCC_GetClocksFreq
    main.o(.text) refers to bsp_systick.o(.text) for SysTick_Init
    main.o(.text) refers to user_gpio.o(.text) for All_IO_Init
    main.o(.text) refers to stm32f10x_gpio.o(.text) for GPIO_SetBits
    main.o(.text) refers to user_spi.o(.text) for ads1299_GPIO_Init
    main.o(.text) refers to user_usart3.o(.text) for USART3_Config
    main.o(.text) refers to user_usart2.o(.text) for USART2_Config
    main.o(.text) refers to user_usart4.o(.text) for USART4_Config
    main.o(.text) refers to user_adc.o(.text) for ADC_Config
    main.o(.text) refers to ads1299.o(.text) for ADS1299_Device_One_Init
    main.o(.text) refers to power_rgb.o(.text) for ws2812b_write_rgb_byte
    main.o(.text) refers to tim2.o(.text) for TIM2_Configuration
    main.o(.text) refers to main.o(.data) for test_11
    stm32f10x_it.o(.text) refers to bsp_systick.o(.text) for TimingDelay_Decrement
    bsp_systick.o(.text) refers to system_stm32f10x.o(.data) for SystemCoreClock
    bsp_systick.o(.text) refers to bsp_systick.o(.data) for TimingDelay
    tim2.o(.text) refers to misc.o(.text) for NVIC_PriorityGroupConfig
    tim2.o(.text) refers to stm32f10x_rcc.o(.text) for RCC_APB1PeriphClockCmd
    tim2.o(.text) refers to stm32f10x_tim.o(.text) for TIM_TimeBaseInit
    tim2.o(.text) refers to led.o(.text) for forehead_led_breathe
    tim2.o(.text) refers to data_processing.o(.text) for ALL_Data_Rec
    tim2.o(.text) refers to user_adc.o(.text) for electric_quantity_calculation
    tim2.o(.text) refers to power_rgb.o(.text) for ws2812b_write_rgb_byte
    tim2.o(.text) refers to tim2.o(.data) for Charge_calculation_time
    user_gpio.o(.text) refers to stm32f10x_rcc.o(.text) for RCC_APB2PeriphClockCmd
    user_gpio.o(.text) refers to stm32f10x_gpio.o(.text) for GPIO_Init
    power_rgb.o(.text) refers to stm32f10x_gpio.o(.text) for GPIO_SetBits
    power_rgb.o(.text) refers to bsp_systick.o(.text) for delay_us
    power_rgb.o(.text) refers to led.o(.text) for electrode_led_close
    power_rgb.o(.text) refers to power_rgb.o(.data) for power_off_sign
    user_usart2.o(.text) refers to misc.o(.text) for NVIC_PriorityGroupConfig
    user_usart2.o(.text) refers to stm32f10x_rcc.o(.text) for RCC_APB1PeriphClockCmd
    user_usart2.o(.text) refers to stm32f10x_gpio.o(.text) for GPIO_Init
    user_usart2.o(.text) refers to stm32f10x_usart.o(.text) for USART_Init
    user_usart2.o(.text) refers to stm32f10x_dma.o(.text) for DMA_DeInit
    user_usart2.o(.text) refers to crc_16.o(.text) for crc16
    user_usart2.o(.text) refers to user_usart3.o(.text) for USART3_Send_Data
[...]
    dadd.o(.text) refers to llshl.o(.text) for __aeabi_llsl
    dadd.o(.text) refers to llsshr.o(.text) for __aeabi_lasr
    dadd.o(.text) refers to depilogue.o(.text) for _double_epilogue
    dmul.o(.text) refers (Special) to iusefp.o(.text) for __I$use$fp
    dmul.o(.text) refers to depilogue.o(.text) for _double_epilogue
    ddiv.o(.text) refers (Special) to iusefp.o(.text) for __I$use$fp
    ddiv.o(.text) refers to depilogue.o(.text) for _double_round
    fflti.o(.text) refers (Special) to iusefp.o(.text) for __I$use$fp
    fflti.o(.text) refers to fepilogue.o(.text) for _float_epilogue
    dflti.o(.text) refers (Special) to iusefp.o(.text) for __I$use$fp
    dflti.o(.text) refers to depilogue.o(.text) for _double_epilogue
    dfltui.o(.text) refers (Special) to iusefp.o(.text) for __I$use$fp
    dfltui.o(.text) refers to depilogue.o(.text) for _double_epilogue
    ffixi.o(.text) refers (Special) to iusefp.o(.text) for __I$use$fp
    dfixui.o(.text) refers (Special) to iusefp.o(.text) for __I$use$fp
    dfixui.o(.text) refers to llushr.o(.text) for __aeabi_llsr
    f2d.o(.text) refers (Special) to iusefp.o(.text) for __I$use$fp
    d2f.o(.text) refers (Special) to iusefp.o(.text) for __I$use$fp
    d2f.o(.text) refers to fepilogue.o(.text) for _float_round
    entry2.o(.ARM.Collect$$$$00000001) refers to entry2.o(.ARM.Collect$$$$00002712) for __lit__00000000
    entry2.o(.ARM.Collect$$$$00002712) refers to startup_stm32f10x_hd.o(STACK) for __initial_sp
    entry2.o(__vectab_stack_and_reset_area) refers to startup_stm32f10x_hd.o(STACK) for __initial_sp
    entry2.o(__vectab_stack_and_reset_area) refers to entry.o(.ARM.Collect$$$$00000000) for __main
    entry5.o(.ARM.Collect$$$$00000004) refers to init.o(.text) for __scatterload
    entry9a.o(.ARM.Collect$$$$0000000B) refers to main.o(.text) for main
    entry9b.o(.ARM.Collect$$$$0000000C) refers to main.o(.text) for main
    fputc.o(i.fputc) refers (Special) to iusesemip.o(.text) for __I$use$semihosting$fputc
    fputc.o(i.fputc) refers (Special) to semi.o(.text) for __semihosting_library_function
    uldiv.o(.text) refers to llushr.o(.text) for __aeabi_llsr
    uldiv.o(.text) refers to llshl.o(.text) for __aeabi_llsl
    depilogue.o(.text) refers to llshl.o(.text) for __aeabi_llsl
    depilogue.o(.text) refers to llushr.o(.text) for __aeabi_llsr
    dfixul.o(.text) refers to llushr.o(.text) for __aeabi_llsr
    dfixul.o(.text) refers to llshl.o(.text) for __aeabi_llsl
    init.o(.text) refers to entry5.o(.ARM.Collect$$$$00000004) for __main_after_scatterload


==============================================================================

Removing Unused input sections from the image.

    Removing core_cm3.o(.emb_text), (32 bytes).
    Removing stm32f10x_flash.o(.text), (1468 bytes).
    Removing stm32f10x_can.o(.text), (2544 bytes).
    Removing stm32f10x_bkp.o(.text), (196 bytes).
    Removing stm32f10x_cec.o(.text), (288 bytes).
    Removing stm32f10x_crc.o(.text), (72 bytes).
    Removing stm32f10x_dac.o(.text), (396 bytes).
    Removing stm32f10x_dbgmcu.o(.text), (48 bytes).
    Removing stm32f10x_fsmc.o(.text), (1548 bytes).
    Removing stm32f10x_i2c.o(.text), (1028 bytes).
    Removing stm32f10x_pwr.o(.text), (204 bytes).
    Removing stm32f10x_rtc.o(.text), (328 bytes).
    Removing stm32f10x_sdio.o(.text), (468 bytes).
    Removing stm32f10x_wwdg.o(.text), (136 bytes).
    Removing main.o(.bss), (27 bytes).
    Removing bmi088.o(.text), (884 bytes).
    Removing bmi088.o(.bss), (12 bytes).
    Removing bmi088.o(.data), (6 bytes).
    Removing data_processing.o(.data), (8 bytes).
    Removing fflti.o(.text), (18 bytes).
    Removing dfixul.o(.text), (48 bytes).
    Removing cdrcmple.o(.text), (48 bytes).

22 unused section(s) (total 9807 bytes) removed from the image.

==============================================================================

Image Symbol Table

    Local Symbols

    Symbol Name                              Value     Ov Type        Size  Object(Section)

    ../clib/microlib/division.c              0x00000000   Number         0  uldiv.o ABSOLUTE
    ../clib/microlib/division.c              0x00000000   Number         0  uidiv.o ABSOLUTE
    ../clib/microlib/init/entry.s            0x00000000   Number         0  entry12a.o ABSOLUTE
    ../clib/microlib/init/entry.s            0x00000000   Number         0  entry11a.o ABSOLUTE
    ../clib/microlib/init/entry.s            0x00000000   Number         0  entry.o ABSOLUTE
    ../clib/microlib/init/entry.s            0x00000000   Number         0  entry8b.o ABSOLUTE
    ../clib/microlib/init/entry.s            0x00000000   Number         0  entry12b.o ABSOLUTE
    ../clib/microlib/init/entry.s            0x00000000   Number         0  entry9a.o ABSOLUTE
    ../clib/microlib/init/entry.s            0x00000000   Number         0  entry2.o ABSOLUTE
    ../clib/microlib/init/entry.s            0x00000000   Number         0  entry9b.o ABSOLUTE
    ../clib/microlib/init/entry.s            0x00000000   Number         0  entry11b.o ABSOLUTE
    ../clib/microlib/init/entry.s            0x00000000   Number         0  entry10a.o ABSOLUTE
    ../clib/microlib/init/entry.s            0x00000000   Number         0  entry7a.o ABSOLUTE
    ../clib/microlib/init/entry.s            0x00000000   Number         0  entry8a.o ABSOLUTE
    ../clib/microlib/init/entry.s            0x00000000   Number         0  entry5.o ABSOLUTE
    ../clib/microlib/init/entry.s            0x00000000   Number         0  entry10b.o ABSOLUTE
    ../clib/microlib/init/entry.s            0x00000000   Number         0  entry7b.o ABSOLUTE
    ../clib/microlib/longlong.c              0x00000000   Number         0  llushr.o ABSOLUTE
    ../clib/microlib/longlong.c              0x00000000   Number         0  llsshr.o ABSOLUTE
    ../clib/microlib/longlong.c              0x00000000   Number         0  llshl.o ABSOLUTE
    ../clib/microlib/malloc/malloc.c         0x00000000   Number         0  malloc.o ABSOLUTE
    ../clib/microlib/malloc/malloc.c         0x00000000   Number         0  mallocr.o ABSOLUTE
    ../clib/microlib/malloc/malloc.c         0x00000000   Number         0  mallocra.o ABSOLUTE
    ../clib/microlib/malloc/malloc.c         0x00000000   Number         0  malloca.o ABSOLUTE
    ../clib/microlib/malloc/mvars.c          0x00000000   Number         0  mvars.o ABSOLUTE
    ../clib/microlib/printf/printf.c         0x00000000   Number         0  printf2.o ABSOLUTE
    ../clib/microlib/printf/printf.c         0x00000000   Number         0  printfb.o ABSOLUTE
    ../clib/microlib/printf/printf.c         0x00000000   Number         0  printf8.o ABSOLUTE
    ../clib/microlib/printf/printf.c         0x00000000   Number         0  printf7.o ABSOLUTE
    ../clib/microlib/printf/printf.c         0x00000000   Number         0  printfa.o ABSOLUTE
    ../clib/microlib/printf/printf.c         0x00000000   Number         0  printf5.o ABSOLUTE
    ../clib/microlib/printf/printf.c         0x00000000   Number         0  printf6.o ABSOLUTE
    ../clib/microlib/printf/printf.c         0x00000000   Number         0  printf4.o ABSOLUTE
    ../clib/microlib/printf/printf.c         0x00000000   Number         0  printf3.o ABSOLUTE
    ../clib/microlib/printf/printf.c         0x00000000   Number         0  printf1.o ABSOLUTE
    ../clib/microlib/printf/printf.c         0x00000000   Number         0  printf0.o ABSOLUTE
    ../clib/microlib/stdio/fputc.c           0x00000000   Number         0  fputc.o ABSOLUTE
    ../clib/microlib/stdio/semi.s            0x00000000   Number         0  semi.o ABSOLUTE
    ../clib/microlib/stdio/streams.c         0x00000000   Number         0  stdout.o ABSOLUTE
    ../clib/microlib/stdlib/rand.c           0x00000000   Number         0  rand.o ABSOLUTE
    ../clib/microlib/string/memcpy.c         0x00000000   Number         0  memcpya.o ABSOLUTE
    ../clib/microlib/string/memcpy.c         0x00000000   Number         0  memcpyb.o ABSOLUTE
    ../clib/microlib/stubs.s                 0x00000000   Number         0  iusefp.o ABSOLUTE
    ../clib/microlib/stubs.s                 0x00000000   Number         0  iusesemip.o ABSOLUTE
    ../fplib/microlib/d2f.c                  0x00000000   Number         0  d2f.o ABSOLUTE
    ../fplib/microlib/f2d.c                  0x00000000   Number         0  f2d.o ABSOLUTE
    ../fplib/microlib/fpadd.c                0x00000000   Number         0  dadd.o ABSOLUTE
    ../fplib/microlib/fpadd.c                0x00000000   Number         0  fadd.o ABSOLUTE
    ../fplib/microlib/fpdiv.c                0x00000000   Number         0  fdiv.o ABSOLUTE
    ../fplib/microlib/fpdiv.c                0x00000000   Number         0  ddiv.o ABSOLUTE
    ../fplib/microlib/fpepilogue.c           0x00000000   Number         0  fepilogue.o ABSOLUTE
    ../fplib/microlib/fpepilogue.c           0x00000000   Number         0  depilogue.o ABSOLUTE
    ../fplib/microlib/fpfix.c                0x00000000   Number         0  ffixi.o ABSOLUTE
    ../fplib/microlib/fpfix.c                0x00000000   Number         0  dfixui.o ABSOLUTE
    ../fplib/microlib/fpfix.c                0x00000000   Number         0  dfixul.o ABSOLUTE
    ../fplib/microlib/fpflt.c                0x00000000   Number         0  fflti.o ABSOLUTE
    ../fplib/microlib/fpflt.c                0x00000000   Number         0  dflti.o ABSOLUTE
    ../fplib/microlib/fpflt.c                0x00000000   Number         0  dfltui.o ABSOLUTE
    ../fplib/microlib/fpmul.c                0x00000000   Number         0  dmul.o ABSOLUTE
    ../fplib/microlib/fpmul.c                0x00000000   Number         0  fmul.o ABSOLUTE
    ..\..\Libraries\CMSIS\core_cm3.c         0x00000000   Number         0  core_cm3.o ABSOLUTE
    ..\..\Libraries\CMSIS\startup\startup_stm32f10x_hd.s 0x00000000   Number         0  startup_stm32f10x_hd.o ABSOLUTE
    ..\..\Libraries\CMSIS\system_stm32f10x.c 0x00000000   Number         0  system_stm32f10x.o ABSOLUTE
    ..\..\Libraries\src\misc.c               0x00000000   Number         0  misc.o ABSOLUTE
    ..\..\Libraries\src\stm32f10x_adc.c      0x00000000   Number         0  stm32f10x_adc.o ABSOLUTE
    ..\..\Libraries\src\stm32f10x_bkp.c      0x00000000   Number         0  stm32f10x_bkp.o ABSOLUTE
    ..\..\Libraries\src\stm32f10x_can.c      0x00000000   Number         0  stm32f10x_can.o ABSOLUTE
    ..\..\Libraries\src\stm32f10x_cec.c      0x00000000   Number         0  stm32f10x_cec.o ABSOLUTE
    ..\..\Libraries\src\stm32f10x_crc.c      0x00000000   Number         0  stm32f10x_crc.o ABSOLUTE
    ..\..\Libraries\src\stm32f10x_dac.c      0x00000000   Number         0  stm32f10x_dac.o ABSOLUTE
    ..\..\Libraries\src\stm32f10x_dbgmcu.c   0x00000000   Number         0  stm32f10x_dbgmcu.o ABSOLUTE
    ..\..\Libraries\src\stm32f10x_dma.c      0x00000000   Number         0  stm32f10x_dma.o ABSOLUTE
    ..\..\Libraries\src\stm32f10x_exti.c     0x00000000   Number         0  stm32f10x_exti.o ABSOLUTE
    ..\..\Libraries\src\stm32f10x_flash.c    0x00000000   Number         0  stm32f10x_flash.o ABSOLUTE
    ..\..\Libraries\src\stm32f10x_fsmc.c     0x00000000   Number         0  stm32f10x_fsmc.o ABSOLUTE
    ..\..\Libraries\src\stm32f10x_gpio.c     0x00000000   Number         0  stm32f10x_gpio.o ABSOLUTE
    ..\..\Libraries\src\stm32f10x_i2c.c      0x00000000   Number         0  stm32f10x_i2c.o ABSOLUTE
    ..\..\Libraries\src\stm32f10x_iwdg.c     0x00000000   Number         0  stm32f10x_iwdg.o ABSOLUTE
    ..\..\Libraries\src\stm32f10x_pwr.c      0x00000000   Number         0  stm32f10x_pwr.o ABSOLUTE
    ..\..\Libraries\src\stm32f10x_rcc.c      0x00000000   Number         0  stm32f10x_rcc.o ABSOLUTE
    ..\..\Libraries\src\stm32f10x_rtc.c      0x00000000   Number         0  stm32f10x_rtc.o ABSOLUTE
    ..\..\Libraries\src\stm32f10x_sdio.c     0x00000000   Number         0  stm32f10x_sdio.o ABSOLUTE
    ..\..\Libraries\src\stm32f10x_spi.c      0x00000000   Number         0  stm32f10x_spi.o ABSOLUTE
    ..\..\Libraries\src\stm32f10x_tim.c      0x00000000   Number         0  stm32f10x_tim.o ABSOLUTE
    ..\..\Libraries\src\stm32f10x_usart.c    0x00000000   Number         0  stm32f10x_usart.o ABSOLUTE
    ..\..\Libraries\src\stm32f10x_wwdg.c     0x00000000   Number         0  stm32f10x_wwdg.o ABSOLUTE
    ..\..\User\main.c                        0x00000000   Number         0  main.o ABSOLUTE
    ..\..\User\src\ADS1299.c                 0x00000000   Number         0  ads1299.o ABSOLUTE
    ..\..\User\src\BMI088.c                  0x00000000   Number         0  bmi088.o ABSOLUTE
    ..\..\User\src\Power_RGB.c               0x00000000   Number         0  power_rgb.o ABSOLUTE
    ..\..\User\src\TIM2.c                    0x00000000   Number         0  tim2.o ABSOLUTE
    ..\..\User\src\bsp_SysTick.c             0x00000000   Number         0  bsp_systick.o ABSOLUTE
    ..\..\User\src\crc_16.c                  0x00000000   Number         0  crc_16.o ABSOLUTE
    ..\..\User\src\data_processing.c         0x00000000   Number         0  data_processing.o ABSOLUTE
    ..\..\User\src\led.c                     0x00000000   Number         0  led.o ABSOLUTE
    ..\..\User\src\linked_list.c             0x00000000   Number         0  linked_list.o ABSOLUTE
    ..\..\User\src\user_adc.c                0x00000000   Number         0  user_adc.o ABSOLUTE
    ..\..\User\src\user_gpio.c               0x00000000   Number         0  user_gpio.o ABSOLUTE
    ..\..\User\src\user_spi.c                0x00000000   Number         0  user_spi.o ABSOLUTE
    ..\..\User\src\user_usart2.c             0x00000000   Number         0  user_usart2.o ABSOLUTE
    ..\..\User\src\user_usart3.c             0x00000000   Number         0  user_usart3.o ABSOLUTE
    ..\..\User\src\user_usart4.c             0x00000000   Number         0  user_usart4.o ABSOLUTE
    ..\..\User\stm32f10x_it.c                0x00000000   Number         0  stm32f10x_it.o ABSOLUTE
    ..\\..\\Libraries\\CMSIS\\core_cm3.c     0x00000000   Number         0  core_cm3.o ABSOLUTE
    cdrcmple.s                               0x00000000   Number         0  cdrcmple.o ABSOLUTE
    dc.s                                     0x00000000   Number         0  dc.o ABSOLUTE
    handlers.s                               0x00000000   Number         0  handlers.o ABSOLUTE
    init.s                                   0x00000000   Number         0  init.o ABSOLUTE
    RESET                                    0x08000000   Section      304  startup_stm32f10x_hd.o(RESET)
    .ARM.Collect$$$$00000000                 0x08000130   Section        0  entry.o(.ARM.Collect$$$$00000000)
    .ARM.Collect$$$$00000001                 0x08000130   Section        4  entry2.o(.ARM.Collect$$$$00000001)
    .ARM.Collect$$$$00000004                 0x08000134   Section        4  entry5.o(.ARM.Collect$$$$00000004)
    .ARM.Collect$$$$00000008                 0x08000138   Section        0  entry7b.o(.ARM.Collect$$$$00000008)
    .ARM.Collect$$$$0000000A                 0x08000138   Section        0  entry8b.o(.ARM.Collect$$$$0000000A)
    .ARM.Collect$$$$0000000B                 0x08000138   Section        8  entry9a.o(.ARM.Collect$$$$0000000B)
    .ARM.Collect$$$$0000000E                 0x08000140   Section        4  entry12b.o(.ARM.Collect$$$$0000000E)
    .ARM.Collect$$$$0000000F                 0x08000144   Section        0  entry10a.o(.ARM.Collect$$$$0000000F)
    .ARM.Collect$$$$00000011                 0x08000144   Section        0  entry11a.o(.ARM.Collect$$$$00000011)
    .ARM.Collect$$$$00002712                 0x08000144   Section        4  entry2.o(.ARM.Collect$$$$00002712)
    __lit__00000000                          0x08000144   Data           4  entry2.o(.ARM.Collect$$$$00002712)
    .text                                    0x08000148   Section       36  startup_stm32f10x_hd.o(.text)
    .text                                    0x0800016c   Section        0  system_stm32f10x.o(.text)
    SetSysClockTo72                          0x0800016d   Thumb Code   214  system_stm32f10x.o(.text)
    SetSysClock                              0x08000243   Thumb Code     8  system_stm32f10x.o(.text)
    .text                                    0x08000350   Section        0  misc.o(.text)
    .text                                    0x0800042c   Section        0  stm32f10x_dma.o(.text)
    .text                                    0x08000680   Section        0  stm32f10x_gpio.o(.text)
    .text                                    0x080009dc   Section        0  stm32f10x_rcc.o(.text)
    .text                                    0x08000d84   Section        0  stm32f10x_usart.o(.text)
    .text                                    0x0800118c   Section        0  stm32f10x_adc.o(.text)
    .text                                    0x080015dc   Section        0  stm32f10x_tim.o(.text)
    TI4_Config                               0x08001a83   Thumb Code   130  stm32f10x_tim.o(.text)
    TI3_Config                               0x08001b17   Thumb Code   122  stm32f10x_tim.o(.text)
    TI2_Config                               0x08001bab   Thumb Code   130  stm32f10x_tim.o(.text)
    TI1_Config                               0x08001c3f   Thumb Code   108  stm32f10x_tim.o(.text)
    .text                                    0x080023f8   Section        0  stm32f10x_exti.o(.text)
    .text                                    0x08002514   Section        0  stm32f10x_iwdg.o(.text)
    .text                                    0x08002554   Section        0  stm32f10x_spi.o(.text)
    .text                                    0x08002860   Section        0  main.o(.text)
    .text                                    0x08002928   Section        0  stm32f10x_it.o(.text)
    .text                                    0x0800294c   Section        0  bsp_systick.o(.text)
    .text                                    0x08002a00   Section        0  crc_16.o(.text)
    .text                                    0x08002a70   Section        0  tim2.o(.text)
    .text                                    0x08002b78   Section        0  user_gpio.o(.text)
    .text                                    0x08002c60   Section        0  power_rgb.o(.text)
    .text                                    0x08002db8   Section        0  user_usart2.o(.text)
    .text                                    0x08003094   Section        0  user_spi.o(.text)
    .text                                    0x08003288   Section        0  ads1299.o(.text)
    ADS1299_Send_CMD                         0x08003289   Thumb Code   102  ads1299.o(.text)
    ADS1299_Device_Reset                     0x080032ef   Thumb Code    52  ads1299.o(.text)
    ADS1299_WR_REGS                          0x08003323   Thumb Code   184  ads1299.o(.text)
    ADS1299_Write_REGBUFF                    0x080033db   Thumb Code    18  ads1299.o(.text)
    ADS1299_Device_SDATAC                    0x080033ed   Thumb Code    22  ads1299.o(.text)
    ADS1299_Check_REGBUFF                    0x080035ff   Thumb Code    88  ads1299.o(.text)
    ADS1299_Data_Start                       0x0800366f   Thumb Code    34  ads1299.o(.text)
    .text                                    0x080037f0   Section        0  led.o(.text)
    .text                                    0x08003ff8   Section        0  user_adc.o(.text)
    .text                                    0x080041ec   Section        0  linked_list.o(.text)
    .text                                    0x080042b8   Section        0  user_usart4.o(.text)
    .text                                    0x08004570   Section        0  data_processing.o(.text)
    .text                                    0x080048dc   Section        0  user_usart3.o(.text)
    .text                                    0x08004b94   Section        0  rand.o(.text)
    .text                                    0x08004bb8   Section        0  memcpya.o(.text)
    .text                                    0x08004bdc   Section        0  fadd.o(.text)
    .text                                    0x08004c8c   Section        0  fmul.o(.text)
    .text                                    0x08004cf0   Section        0  fdiv.o(.text)
    .text                                    0x08004d6c   Section        0  dadd.o(.text)
    .text                                    0x08004eba   Section        0  dmul.o(.text)
    .text                                    0x08004f9e   Section        0  ddiv.o(.text)
    .text                                    0x0800507c   Section        0  dflti.o(.text)
    .text                                    0x0800509e   Section        0  dfltui.o(.text)
    .text                                    0x080050b8   Section        0  ffixi.o(.text)
    .text                                    0x080050ea   Section        0  dfixui.o(.text)
    .text                                    0x0800511c   Section        0  f2d.o(.text)
    .text                                    0x08005142   Section        0  d2f.o(.text)
    .text                                    0x0800517a   Section        0  llshl.o(.text)
    .text                                    0x08005198   Section        0  llushr.o(.text)
    .text                                    0x080051b8   Section        0  llsshr.o(.text)
    .text                                    0x080051dc   Section        0  fepilogue.o(.text)
    .text                                    0x080051dc   Section        0  iusefp.o(.text)
    .text                                    0x0800524a   Section        0  depilogue.o(.text)
    .text                                    0x08005304   Section       36  init.o(.text)
    .text                                    0x08005328   Section        0  iusesemip.o(.text)
    .text                                    0x08005328   Section        0  semi.o(.text)
    i.__0printf$bare                         0x08005328   Section        0  printfb.o(i.__0printf$bare)
    i.__scatterload_copy                     0x08005338   Section       14  handlers.o(i.__scatterload_copy)
    i.__scatterload_null                     0x08005346   Section        2  handlers.o(i.__scatterload_null)
    i.__scatterload_zeroinit                 0x08005348   Section       14  handlers.o(i.__scatterload_zeroinit)
    i._printf_core                           0x08005356   Section        0  printfb.o(i._printf_core)
    _printf_core                             0x08005357   Thumb Code    34  printfb.o(i._printf_core)
    i.fputc                                  0x08005378   Section        0  fputc.o(i.fputc)
    i.free                                   0x0800538c   Section        0  malloc.o(i.free)
    i.malloc                                 0x080053dc   Section        0  malloc.o(i.malloc)
    .data                                    0x20000000   Section       20  system_stm32f10x.o(.data)
    .data                                    0x20000014   Section       20  stm32f10x_rcc.o(.data)
    APBAHBPrescTable                         0x20000014   Data          16  stm32f10x_rcc.o(.data)
    ADCPrescTable                            0x20000024   Data           4  stm32f10x_rcc.o(.data)
    .data                                    0x20000028   Section       10  main.o(.data)
    .data                                    0x20000034   Section        4  bsp_systick.o(.data)
    TimingDelay                              0x20000034   Data           4  bsp_systick.o(.data)
    .data                                    0x20000038   Section       20  tim2.o(.data)
    .data                                    0x2000004c   Section        5  power_rgb.o(.data)
    .data                                    0x20000052   Section        5  user_usart2.o(.data)
    .data                                    0x20000058   Section       32  ads1299.o(.data)
    .data                                    0x20000078   Section        9  led.o(.data)
    .data                                    0x20000082   Section        9  user_usart4.o(.data)
    .data                                    0x2000008c   Section        5  user_usart3.o(.data)
    .data                                    0x20000094   Section        4  rand.o(.data)
    _rand_state                              0x20000094   Data           4  rand.o(.data)
    .data                                    0x20000098   Section        4  stdout.o(.data)
    .data                                    0x2000009c   Section        4  mvars.o(.data)
    .data                                    0x200000a0   Section        4  mvars.o(.data)
    .bss                                     0x200000a4   Section      304  user_usart2.o(.bss)
    send_buf                                 0x20000188   Data          76  user_usart2.o(.bss)
    .bss                                     0x200001d4   Section     1080  ads1299.o(.bss)
    .bss                                     0x2000060c   Section      216  user_adc.o(.bss)
    .bss                                     0x200006e4   Section      200  user_usart4.o(.bss)
    .bss                                     0x200007ac   Section      304  user_usart3.o(.bss)
    send_buf                                 0x20000890   Data          76  user_usart3.o(.bss)
    HEAP                                     0x200008e0   Section     8192  startup_stm32f10x_hd.o(HEAP)
    STACK                                    0x200028e0   Section    24576  startup_stm32f10x_hd.o(STACK)

    Global Symbols

    Symbol Name                              Value     Ov Type        Size  Object(Section)

    BuildAttributes$$THM_ISAv4$P$D$K$B$S$PE$A:L22UL41UL21$X:L11$S22US41US21$IEEE1$IW$USESV6$~STKCKD$USESV7$~SHL$OTIME$ROPI$EBA8$MICROLIB$REQ8$PRES8$EABIv2 0x00000000   Number         0  anon$$obj.o ABSOLUTE
    __ARM_use_no_argv                        0x00000000   Number         0  main.o ABSOLUTE
    __arm_fini_                               - Undefined Weak Reference
    __cpp_initialize__aeabi_                  - Undefined Weak Reference
    __cxa_finalize                            - Undefined Weak Reference
    __decompress                              - Undefined Weak Reference
    _clock_init                               - Undefined Weak Reference
    _microlib_exit                            - Undefined Weak Reference
    __Vectors_Size                           0x00000130   Number         0  startup_stm32f10x_hd.o ABSOLUTE
    __Vectors                                0x08000000   Data           4  startup_stm32f10x_hd.o(RESET)
    __Vectors_End                            0x08000130   Data           0  startup_stm32f10x_hd.o(RESET)
    __main                                   0x08000131   Thumb Code     0  entry.o(.ARM.Collect$$$$00000000)
    _main_stk                                0x08000131   Thumb Code     0  entry2.o(.ARM.Collect$$$$00000001)
    _main_scatterload                        0x08000135   Thumb Code     0  entry5.o(.ARM.Collect$$$$00000004)
    __main_after_scatterload                 0x08000139   Thumb Code     0  entry5.o(.ARM.Collect$$$$00000004)
    _main_clock                              0x08000139   Thumb Code     0  entry7b.o(.ARM.Collect$$$$00000008)
    _main_cpp_init                           0x08000139   Thumb Code     0  entry8b.o(.ARM.Collect$$$$0000000A)
    _main_init                               0x08000139   Thumb Code     0  entry9a.o(.ARM.Collect$$$$0000000B)
    __rt_lib_shutdown_fini                   0x08000141   Thumb Code     0  entry12b.o(.ARM.Collect$$$$0000000E)
    __rt_final_cpp                           0x08000145   Thumb Code     0  entry10a.o(.ARM.Collect$$$$0000000F)
    __rt_final_exit                          0x08000145   Thumb Code     0  entry11a.o(.ARM.Collect$$$$00000011)
    Reset_Handler                            0x08000149   Thumb Code     8  startup_stm32f10x_hd.o(.text)
    ADC1_2_IRQHandler                        0x08000163   Thumb Code     0  startup_stm32f10x_hd.o(.text)
    ADC3_IRQHandler                          0x08000163   Thumb Code     0  startup_stm32f10x_hd.o(.text)
    CAN1_RX1_IRQHandler                      0x08000163   Thumb Code     0  startup_stm32f10x_hd.o(.text)
    CAN1_SCE_IRQHandler                      0x08000163   Thumb Code     0  startup_stm32f10x_hd.o(.text)
    DMA1_Channel1_IRQHandler                 0x08000163   Thumb Code     0  startup_stm32f10x_hd.o(.text)
    DMA1_Channel2_IRQHandler                 0x08000163   Thumb Code     0  startup_stm32f10x_hd.o(.text)
    DMA1_Channel3_IRQHandler                 0x08000163   Thumb Code     0  startup_stm32f10x_hd.o(.text)
    DMA1_Channel4_IRQHandler                 0x08000163   Thumb Code     0  startup_stm32f10x_hd.o(.text)
    DMA1_Channel5_IRQHandler                 0x08000163   Thumb Code     0  startup_stm32f10x_hd.o(.text)
    DMA1_Channel6_IRQHandler                 0x08000163   Thumb Code     0  startup_stm32f10x_hd.o(.text)
    DMA1_Channel7_IRQHandler                 0x08000163   Thumb Code     0  startup_stm32f10x_hd.o(.text)
    DMA2_Channel1_IRQHandler                 0x08000163   Thumb Code     0  startup_stm32f10x_hd.o(.text)
    DMA2_Channel2_IRQHandler                 0x08000163   Thumb Code     0  startup_stm32f10x_hd.o(.text)
    DMA2_Channel3_IRQHandler                 0x08000163   Thumb Code     0  startup_stm32f10x_hd.o(.text)
    DMA2_Channel4_5_IRQHandler               0x08000163   Thumb Code     0  startup_stm32f10x_hd.o(.text)
    EXTI15_10_IRQHandler                     0x08000163   Thumb Code     0  startup_stm32f10x_hd.o(.text)
    EXTI1_IRQHandler                         0x08000163   Thumb Code     0  startup_stm32f10x_hd.o(.text)
    EXTI2_IRQHandler                         0x08000163   Thumb Code     0  startup_stm32f10x_hd.o(.text)
    EXTI3_IRQHandler                         0x08000163   Thumb Code     0  startup_stm32f10x_hd.o(.text)
    FLASH_IRQHandler                         0x08000163   Thumb Code     0  startup_stm32f10x_hd.o(.text)
    FSMC_IRQHandler                          0x08000163   Thumb Code     0  startup_stm32f10x_hd.o(.text)
    I2C1_ER_IRQHandler                       0x08000163   Thumb Code     0  startup_stm32f10x_hd.o(.text)
    I2C1_EV_IRQHandler                       0x08000163   Thumb Code     0  startup_stm32f10x_hd.o(.text)
    I2C2_ER_IRQHandler                       0x08000163   Thumb Code     0  startup_stm32f10x_hd.o(.text)
    I2C2_EV_IRQHandler                       0x08000163   Thumb Code     0  startup_stm32f10x_hd.o(.text)
    PVD_IRQHandler                           0x08000163   Thumb Code     0  startup_stm32f10x_hd.o(.text)
    RCC_IRQHandler                           0x08000163   Thumb Code     0  startup_stm32f10x_hd.o(.text)
    RTCAlarm_IRQHandler                      0x08000163   Thumb Code     0  startup_stm32f10x_hd.o(.text)
    RTC_IRQHandler                           0x08000163   Thumb Code     0  startup_stm32f10x_hd.o(.text)
    SDIO_IRQHandler                          0x08000163   Thumb Code     0  startup_stm32f10x_hd.o(.text)
    SPI1_IRQHandler                          0x08000163   Thumb Code     0  startup_stm32f10x_hd.o(.text)
    SPI2_IRQHandler                          0x08000163   Thumb Code     0  startup_stm32f10x_hd.o(.text)
    SPI3_IRQHandler                          0x08000163   Thumb Code     0  startup_stm32f10x_hd.o(.text)
    TAMPER_IRQHandler                        0x08000163   Thumb Code     0  startup_stm32f10x_hd.o(.text)
    TIM1_BRK_IRQHandler                      0x08000163   Thumb Code     0  startup_stm32f10x_hd.o(.text)
    TIM1_CC_IRQHandler                       0x08000163   Thumb Code     0  startup_stm32f10x_hd.o(.text)
    TIM1_TRG_COM_IRQHandler                  0x08000163   Thumb Code     0  startup_stm32f10x_hd.o(.text)
    TIM1_UP_IRQHandler                       0x08000163   Thumb Code     0  startup_stm32f10x_hd.o(.text)
    TIM3_IRQHandler                          0x08000163   Thumb Code     0  startup_stm32f10x_hd.o(.text)
    TIM4_IRQHandler                          0x08000163   Thumb Code     0  startup_stm32f10x_hd.o(.text)
    TIM5_IRQHandler                          0x08000163   Thumb Code     0  startup_stm32f10x_hd.o(.text)
    TIM6_IRQHandler                          0x08000163   Thumb Code     0  startup_stm32f10x_hd.o(.text)
    TIM7_IRQHandler                          0x08000163   Thumb Code     0  startup_stm32f10x_hd.o(.text)
    TIM8_BRK_IRQHandler                      0x08000163   Thumb Code     0  startup_stm32f10x_hd.o(.text)
    TIM8_CC_IRQHandler                       0x08000163   Thumb Code     0  startup_stm32f10x_hd.o(.text)
    TIM8_TRG_COM_IRQHandler                  0x08000163   Thumb Code     0  startup_stm32f10x_hd.o(.text)
    TIM8_UP_IRQHandler                       0x08000163   Thumb Code     0  startup_stm32f10x_hd.o(.text)
    UART5_IRQHandler                         0x08000163   Thumb Code     0  startup_stm32f10x_hd.o(.text)
    USART1_IRQHandler                        0x08000163   Thumb Code     0  startup_stm32f10x_hd.o(.text)
    USBWakeUp_IRQHandler                     0x08000163   Thumb Code     0  startup_stm32f10x_hd.o(.text)
    USB_HP_CAN1_TX_IRQHandler                0x08000163   Thumb Code     0  startup_stm32f10x_hd.o(.text)
    USB_LP_CAN1_RX0_IRQHandler               0x08000163   Thumb Code     0  startup_stm32f10x_hd.o(.text)
    WWDG_IRQHandler                          0x08000163   Thumb Code     0  startup_stm32f10x_hd.o(.text)
    SystemInit                               0x0800024b   Thumb Code    78  system_stm32f10x.o(.text)
    SystemCoreClockUpdate                    0x08000299   Thumb Code   142  system_stm32f10x.o(.text)
    NVIC_PriorityGroupConfig                 0x08000351   Thumb Code    10  misc.o(.text)
    NVIC_Init                                0x0800035b   Thumb Code   100  misc.o(.text)
    NVIC_SetVectorTable                      0x080003bf   Thumb Code    14  misc.o(.text)
    NVIC_SystemLPConfig                      0x080003cd   Thumb Code    34  misc.o(.text)
    SysTick_CLKSourceConfig                  0x080003ef   Thumb Code    40  misc.o(.text)
    DMA_DeInit                               0x0800042d   Thumb Code   324  stm32f10x_dma.o(.text)
    DMA_Init                                 0x08000571   Thumb Code    60  stm32f10x_dma.o(.text)
    DMA_StructInit                           0x080005ad   Thumb Code    26  stm32f10x_dma.o(.text)
    DMA_Cmd                                  0x080005c7   Thumb Code    24  stm32f10x_dma.o(.text)
    DMA_ITConfig                             0x080005df   Thumb Code    18  stm32f10x_dma.o(.text)
    DMA_SetCurrDataCounter                   0x080005f1   Thumb Code     4  stm32f10x_dma.o(.text)
    DMA_GetCurrDataCounter                   0x080005f5   Thumb Code     8  stm32f10x_dma.o(.text)
    DMA_GetFlagStatus                        0x080005fd   Thumb Code    40  stm32f10x_dma.o(.text)
    DMA_ClearFlag                            0x08000625   Thumb Code    22  stm32f10x_dma.o(.text)
    DMA_GetITStatus                          0x0800063b   Thumb Code    40  stm32f10x_dma.o(.text)
    DMA_ClearITPendingBit                    0x08000663   Thumb Code    22  stm32f10x_dma.o(.text)
    GPIO_DeInit                              0x08000681   Thumb Code   172  stm32f10x_gpio.o(.text)
    GPIO_AFIODeInit                          0x0800072d   Thumb Code    20  stm32f10x_gpio.o(.text)
    GPIO_Init                                0x08000741   Thumb Code   278  stm32f10x_gpio.o(.text)
    GPIO_StructInit                          0x08000857   Thumb Code    16  stm32f10x_gpio.o(.text)
    GPIO_ReadInputDataBit                    0x08000867   Thumb Code    18  stm32f10x_gpio.o(.text)
    GPIO_ReadInputData                       0x08000879   Thumb Code     8  stm32f10x_gpio.o(.text)
    GPIO_ReadOutputDataBit                   0x08000881   Thumb Code    18  stm32f10x_gpio.o(.text)
    GPIO_ReadOutputData                      0x08000893   Thumb Code     8  stm32f10x_gpio.o(.text)
    GPIO_SetBits                             0x0800089b   Thumb Code     4  stm32f10x_gpio.o(.text)
    GPIO_ResetBits                           0x0800089f   Thumb Code     4  stm32f10x_gpio.o(.text)
    GPIO_WriteBit                            0x080008a3   Thumb Code    10  stm32f10x_gpio.o(.text)
    GPIO_Write                               0x080008ad   Thumb Code     4  stm32f10x_gpio.o(.text)
    GPIO_PinLockConfig                       0x080008b1   Thumb Code    18  stm32f10x_gpio.o(.text)
    GPIO_EventOutputConfig                   0x080008c3   Thumb Code    26  stm32f10x_gpio.o(.text)
    GPIO_EventOutputCmd                      0x080008dd   Thumb Code     6  stm32f10x_gpio.o(.text)
    GPIO_PinRemapConfig                      0x080008e3   Thumb Code   138  stm32f10x_gpio.o(.text)
    GPIO_EXTILineConfig                      0x0800096d   Thumb Code    66  stm32f10x_gpio.o(.text)
    GPIO_ETH_MediaInterfaceConfig            0x080009af   Thumb Code     8  stm32f10x_gpio.o(.text)
    RCC_DeInit                               0x080009dd   Thumb Code    64  stm32f10x_rcc.o(.text)
    RCC_HSEConfig                            0x08000a1d   Thumb Code    70  stm32f10x_rcc.o(.text)
    RCC_GetFlagStatus                        0x08000a63   Thumb Code    56  stm32f10x_rcc.o(.text)
    RCC_WaitForHSEStartUp                    0x08000a9b   Thumb Code    56  stm32f10x_rcc.o(.text)
    RCC_AdjustHSICalibrationValue            0x08000ad3   Thumb Code    20  stm32f10x_rcc.o(.text)
    RCC_HSICmd                               0x08000ae7   Thumb Code     6  stm32f10x_rcc.o(.text)
    RCC_PLLConfig                            0x08000aed   Thumb Code    24  stm32f10x_rcc.o(.text)
    RCC_PLLCmd                               0x08000b05   Thumb Code     6  stm32f10x_rcc.o(.text)
    RCC_SYSCLKConfig                         0x08000b0b   Thumb Code    18  stm32f10x_rcc.o(.text)
    RCC_GetSYSCLKSource                      0x08000b1d   Thumb Code    10  stm32f10x_rcc.o(.text)
    RCC_HCLKConfig                           0x08000b27   Thumb Code    18  stm32f10x_rcc.o(.text)
    RCC_PCLK1Config                          0x08000b39   Thumb Code    18  stm32f10x_rcc.o(.text)
    RCC_PCLK2Config                          0x08000b4b   Thumb Code    20  stm32f10x_rcc.o(.text)
    RCC_ITConfig                             0x08000b5f   Thumb Code    26  stm32f10x_rcc.o(.text)
    RCC_USBCLKConfig                         0x08000b79   Thumb Code     8  stm32f10x_rcc.o(.text)
    RCC_ADCCLKConfig                         0x08000b81   Thumb Code    18  stm32f10x_rcc.o(.text)
    RCC_LSEConfig                            0x08000b93   Thumb Code    50  stm32f10x_rcc.o(.text)
    RCC_LSICmd                               0x08000bc5   Thumb Code     6  stm32f10x_rcc.o(.text)
    RCC_RTCCLKConfig                         0x08000bcb   Thumb Code    12  stm32f10x_rcc.o(.text)
    RCC_RTCCLKCmd                            0x08000bd7   Thumb Code     8  stm32f10x_rcc.o(.text)
    RCC_GetClocksFreq                        0x08000bdf   Thumb Code   192  stm32f10x_rcc.o(.text)
    RCC_AHBPeriphClockCmd                    0x08000c9f   Thumb Code    26  stm32f10x_rcc.o(.text)
    RCC_APB2PeriphClockCmd                   0x08000cb9   Thumb Code    26  stm32f10x_rcc.o(.text)
    RCC_APB1PeriphClockCmd                   0x08000cd3   Thumb Code    26  stm32f10x_rcc.o(.text)
    RCC_APB2PeriphResetCmd                   0x08000ced   Thumb Code    26  stm32f10x_rcc.o(.text)
    RCC_APB1PeriphResetCmd                   0x08000d07   Thumb Code    26  stm32f10x_rcc.o(.text)
    RCC_BackupResetCmd                       0x08000d21   Thumb Code     8  stm32f10x_rcc.o(.text)
    RCC_ClockSecuritySystemCmd               0x08000d29   Thumb Code     6  stm32f10x_rcc.o(.text)
    RCC_MCOConfig                            0x08000d2f   Thumb Code     6  stm32f10x_rcc.o(.text)
    RCC_ClearFlag                            0x08000d35   Thumb Code    14  stm32f10x_rcc.o(.text)
    RCC_GetITStatus                          0x08000d43   Thumb Code    20  stm32f10x_rcc.o(.text)
    RCC_ClearITPendingBit                    0x08000d57   Thumb Code     6  stm32f10x_rcc.o(.text)
    USART_DeInit                             0x08000d85   Thumb Code   134  stm32f10x_usart.o(.text)
    USART_Init                               0x08000e0b   Thumb Code   210  stm32f10x_usart.o(.text)
    USART_StructInit                         0x08000edd   Thumb Code    24  stm32f10x_usart.o(.text)
    USART_ClockInit                          0x08000ef5   Thumb Code    34  stm32f10x_usart.o(.text)
    USART_ClockStructInit                    0x08000f17   Thumb Code    12  stm32f10x_usart.o(.text)
    USART_Cmd                                0x08000f23   Thumb Code    24  stm32f10x_usart.o(.text)
    USART_ITConfig                           0x08000f3b   Thumb Code    74  stm32f10x_usart.o(.text)
    USART_DMACmd                             0x08000f85   Thumb Code    18  stm32f10x_usart.o(.text)
    USART_SetAddress                         0x08000f97   Thumb Code    18  stm32f10x_usart.o(.text)
    USART_WakeUpConfig                       0x08000fa9   Thumb Code    18  stm32f10x_usart.o(.text)
    USART_ReceiverWakeUpCmd                  0x08000fbb   Thumb Code    24  stm32f10x_usart.o(.text)
    USART_LINBreakDetectLengthConfig         0x08000fd3   Thumb Code    18  stm32f10x_usart.o(.text)
    USART_LINCmd                             0x08000fe5   Thumb Code    24  stm32f10x_usart.o(.text)
    USART_SendData                           0x08000ffd   Thumb Code     8  stm32f10x_usart.o(.text)
    USART_ReceiveData                        0x08001005   Thumb Code    10  stm32f10x_usart.o(.text)
    USART_SendBreak                          0x0800100f   Thumb Code    10  stm32f10x_usart.o(.text)
    USART_SetGuardTime                       0x08001019   Thumb Code    16  stm32f10x_usart.o(.text)
    USART_SetPrescaler                       0x08001029   Thumb Code    16  stm32f10x_usart.o(.text)
    USART_SmartCardCmd                       0x08001039   Thumb Code    24  stm32f10x_usart.o(.text)
    USART_SmartCardNACKCmd                   0x08001051   Thumb Code    24  stm32f10x_usart.o(.text)
    USART_HalfDuplexCmd                      0x08001069   Thumb Code    24  stm32f10x_usart.o(.text)
    USART_OverSampling8Cmd                   0x08001081   Thumb Code    22  stm32f10x_usart.o(.text)
    USART_OneBitMethodCmd                    0x08001097   Thumb Code    24  stm32f10x_usart.o(.text)
    USART_IrDAConfig                         0x080010af   Thumb Code    18  stm32f10x_usart.o(.text)
    USART_IrDACmd                            0x080010c1   Thumb Code    24  stm32f10x_usart.o(.text)
    USART_GetFlagStatus                      0x080010d9   Thumb Code    26  stm32f10x_usart.o(.text)
    USART_ClearFlag                          0x080010f3   Thumb Code    18  stm32f10x_usart.o(.text)
    USART_GetITStatus                        0x08001105   Thumb Code    84  stm32f10x_usart.o(.text)
    USART_ClearITPendingBit                  0x08001159   Thumb Code    52  stm32f10x_usart.o(.text)
    ADC_DeInit                               0x0800118d   Thumb Code    78  stm32f10x_adc.o(.text)
    ADC_Init                                 0x080011db   Thumb Code    70  stm32f10x_adc.o(.text)
    ADC_StructInit                           0x08001221   Thumb Code    18  stm32f10x_adc.o(.text)
    ADC_Cmd                                  0x08001233   Thumb Code    22  stm32f10x_adc.o(.text)
    ADC_DMACmd                               0x08001249   Thumb Code    22  stm32f10x_adc.o(.text)
    ADC_ITConfig                             0x0800125f   Thumb Code    24  stm32f10x_adc.o(.text)
    ADC_ResetCalibration                     0x08001277   Thumb Code    10  stm32f10x_adc.o(.text)
    ADC_GetResetCalibrationStatus            0x08001281   Thumb Code    20  stm32f10x_adc.o(.text)
    ADC_StartCalibration                     0x08001295   Thumb Code    10  stm32f10x_adc.o(.text)
    ADC_GetCalibrationStatus                 0x0800129f   Thumb Code    20  stm32f10x_adc.o(.text)
    ADC_SoftwareStartConvCmd                 0x080012b3   Thumb Code    22  stm32f10x_adc.o(.text)
    ADC_GetSoftwareStartConvStatus           0x080012c9   Thumb Code    20  stm32f10x_adc.o(.text)
    ADC_DiscModeChannelCountConfig           0x080012dd   Thumb Code    24  stm32f10x_adc.o(.text)
    ADC_DiscModeCmd                          0x080012f5   Thumb Code    22  stm32f10x_adc.o(.text)
    ADC_RegularChannelConfig                 0x0800130b   Thumb Code   184  stm32f10x_adc.o(.text)
    ADC_ExternalTrigConvCmd                  0x080013c3   Thumb Code    22  stm32f10x_adc.o(.text)
    ADC_GetConversionValue                   0x080013d9   Thumb Code     8  stm32f10x_adc.o(.text)
    ADC_GetDualModeConversionValue           0x080013e1   Thumb Code     8  stm32f10x_adc.o(.text)
    ADC_AutoInjectedConvCmd                  0x080013e9   Thumb Code    22  stm32f10x_adc.o(.text)
    ADC_InjectedDiscModeCmd                  0x080013ff   Thumb Code    22  stm32f10x_adc.o(.text)
    ADC_ExternalTrigInjectedConvConfig       0x08001415   Thumb Code    16  stm32f10x_adc.o(.text)
    ADC_ExternalTrigInjectedConvCmd          0x08001425   Thumb Code    22  stm32f10x_adc.o(.text)
    ADC_SoftwareStartInjectedConvCmd         0x0800143b   Thumb Code    22  stm32f10x_adc.o(.text)
    ADC_GetSoftwareStartInjectedConvCmdStatus 0x08001451   Thumb Code    20  stm32f10x_adc.o(.text)
    ADC_InjectedChannelConfig                0x08001465   Thumb Code   130  stm32f10x_adc.o(.text)
    ADC_InjectedSequencerLengthConfig        0x080014e7   Thumb Code    24  stm32f10x_adc.o(.text)
    ADC_SetInjectedOffset                    0x080014ff   Thumb Code    20  stm32f10x_adc.o(.text)
    ADC_GetInjectedConversionValue           0x08001513   Thumb Code    28  stm32f10x_adc.o(.text)
    ADC_AnalogWatchdogCmd                    0x0800152f   Thumb Code    16  stm32f10x_adc.o(.text)
    ADC_AnalogWatchdogThresholdsConfig       0x0800153f   Thumb Code     6  stm32f10x_adc.o(.text)
    ADC_AnalogWatchdogSingleChannelConfig    0x08001545   Thumb Code    16  stm32f10x_adc.o(.text)
    ADC_TempSensorVrefintCmd                 0x08001555   Thumb Code    64  stm32f10x_adc.o(.text)
    ADC_GetFlagStatus                        0x08001595   Thumb Code    18  stm32f10x_adc.o(.text)
    ADC_ClearFlag                            0x080015a7   Thumb Code     6  stm32f10x_adc.o(.text)
    ADC_GetITStatus                          0x080015ad   Thumb Code    36  stm32f10x_adc.o(.text)
    ADC_ClearITPendingBit                    0x080015d1   Thumb Code    10  stm32f10x_adc.o(.text)
    TIM_DeInit                               0x080015dd   Thumb Code   424  stm32f10x_tim.o(.text)
    TIM_TimeBaseInit                         0x08001785   Thumb Code   122  stm32f10x_tim.o(.text)
    TIM_OC1Init                              0x080017ff   Thumb Code   132  stm32f10x_tim.o(.text)
    TIM_OC2Init                              0x08001883   Thumb Code   154  stm32f10x_tim.o(.text)
    TIM_OC3Init                              0x0800191d   Thumb Code   150  stm32f10x_tim.o(.text)
    TIM_OC4Init                              0x080019b3   Thumb Code   182  stm32f10x_tim.o(.text)
    TIM_SetIC4Prescaler                      0x08001a69   Thumb Code    26  stm32f10x_tim.o(.text)
    TIM_SetIC3Prescaler                      0x08001b05   Thumb Code    18  stm32f10x_tim.o(.text)
    TIM_SetIC2Prescaler                      0x08001b91   Thumb Code    26  stm32f10x_tim.o(.text)
    TIM_SetIC1Prescaler                      0x08001c2d   Thumb Code    18  stm32f10x_tim.o(.text)
    TIM_ICInit                               0x08001cab   Thumb Code   150  stm32f10x_tim.o(.text)
    TIM_PWMIConfig                           0x08001d41   Thumb Code   124  stm32f10x_tim.o(.text)
    TIM_BDTRConfig                           0x08001dbd   Thumb Code    32  stm32f10x_tim.o(.text)
    TIM_TimeBaseStructInit                   0x08001ddd   Thumb Code    18  stm32f10x_tim.o(.text)
    TIM_OCStructInit                         0x08001def   Thumb Code    20  stm32f10x_tim.o(.text)
    TIM_ICStructInit                         0x08001e03   Thumb Code    18  stm32f10x_tim.o(.text)
    TIM_BDTRStructInit                       0x08001e15   Thumb Code    40  stm32f10x_tim.o(.text)
    TIM_Cmd                                  0x08001e3d   Thumb Code    24  stm32f10x_tim.o(.text)
    TIM_CtrlPWMOutputs                       0x08001e55   Thumb Code    30  stm32f10x_tim.o(.text)
    TIM_ITConfig                             0x08001e73   Thumb Code    18  stm32f10x_tim.o(.text)
    TIM_GenerateEvent                        0x08001e85   Thumb Code     4  stm32f10x_tim.o(.text)
    TIM_DMAConfig                            0x08001e89   Thumb Code    10  stm32f10x_tim.o(.text)
    TIM_DMACmd                               0x08001e93   Thumb Code    18  stm32f10x_tim.o(.text)
    TIM_InternalClockConfig                  0x08001ea5   Thumb Code    12  stm32f10x_tim.o(.text)
    TIM_SelectInputTrigger                   0x08001eb1   Thumb Code    18  stm32f10x_tim.o(.text)
    TIM_ITRxExternalClockConfig              0x08001ec3   Thumb Code    24  stm32f10x_tim.o(.text)
    TIM_TIxExternalClockConfig               0x08001edb   Thumb Code    62  stm32f10x_tim.o(.text)
    TIM_ETRConfig                            0x08001f19   Thumb Code    28  stm32f10x_tim.o(.text)
    TIM_ETRClockMode1Config                  0x08001f35   Thumb Code    54  stm32f10x_tim.o(.text)
    TIM_ETRClockMode2Config                  0x08001f6b   Thumb Code    32  stm32f10x_tim.o(.text)
    TIM_PrescalerConfig                      0x08001f8b   Thumb Code     6  stm32f10x_tim.o(.text)
    TIM_CounterModeConfig                    0x08001f91   Thumb Code    18  stm32f10x_tim.o(.text)
    TIM_EncoderInterfaceConfig               0x08001fa3   Thumb Code    66  stm32f10x_tim.o(.text)
    TIM_ForcedOC1Config                      0x08001fe5   Thumb Code    18  stm32f10x_tim.o(.text)
    TIM_ForcedOC2Config                      0x08001ff7   Thumb Code    26  stm32f10x_tim.o(.text)
    TIM_ForcedOC3Config                      0x08002011   Thumb Code    18  stm32f10x_tim.o(.text)
    TIM_ForcedOC4Config                      0x08002023   Thumb Code    26  stm32f10x_tim.o(.text)
    TIM_ARRPreloadConfig                     0x0800203d   Thumb Code    24  stm32f10x_tim.o(.text)
    TIM_SelectCOM                            0x08002055   Thumb Code    24  stm32f10x_tim.o(.text)
    TIM_SelectCCDMA                          0x0800206d   Thumb Code    24  stm32f10x_tim.o(.text)
    TIM_CCPreloadControl                     0x08002085   Thumb Code    24  stm32f10x_tim.o(.text)
    TIM_OC1PreloadConfig                     0x0800209d   Thumb Code    18  stm32f10x_tim.o(.text)
    TIM_OC2PreloadConfig                     0x080020af   Thumb Code    26  stm32f10x_tim.o(.text)
    TIM_OC3PreloadConfig                     0x080020c9   Thumb Code    18  stm32f10x_tim.o(.text)
    TIM_OC4PreloadConfig                     0x080020db   Thumb Code    26  stm32f10x_tim.o(.text)
    TIM_OC1FastConfig                        0x080020f5   Thumb Code    18  stm32f10x_tim.o(.text)
    TIM_OC2FastConfig                        0x08002107   Thumb Code    26  stm32f10x_tim.o(.text)
    TIM_OC3FastConfig                        0x08002121   Thumb Code    18  stm32f10x_tim.o(.text)
    TIM_OC4FastConfig                        0x08002133   Thumb Code    26  stm32f10x_tim.o(.text)
    TIM_ClearOC1Ref                          0x0800214d   Thumb Code    18  stm32f10x_tim.o(.text)
    TIM_ClearOC2Ref                          0x0800215f   Thumb Code    24  stm32f10x_tim.o(.text)
    TIM_ClearOC3Ref                          0x08002177   Thumb Code    18  stm32f10x_tim.o(.text)
    TIM_ClearOC4Ref                          0x08002189   Thumb Code    24  stm32f10x_tim.o(.text)
    TIM_OC1PolarityConfig                    0x080021a1   Thumb Code    18  stm32f10x_tim.o(.text)
    TIM_OC1NPolarityConfig                   0x080021b3   Thumb Code    18  stm32f10x_tim.o(.text)
    TIM_OC2PolarityConfig                    0x080021c5   Thumb Code    26  stm32f10x_tim.o(.text)
    TIM_OC2NPolarityConfig                   0x080021df   Thumb Code    26  stm32f10x_tim.o(.text)
    TIM_OC3PolarityConfig                    0x080021f9   Thumb Code    26  stm32f10x_tim.o(.text)
    TIM_OC3NPolarityConfig                   0x08002213   Thumb Code    26  stm32f10x_tim.o(.text)
    TIM_OC4PolarityConfig                    0x0800222d   Thumb Code    26  stm32f10x_tim.o(.text)
    TIM_CCxCmd                               0x08002247   Thumb Code    30  stm32f10x_tim.o(.text)
    TIM_CCxNCmd                              0x08002265   Thumb Code    30  stm32f10x_tim.o(.text)
    TIM_SelectOCxM                           0x08002283   Thumb Code    82  stm32f10x_tim.o(.text)
    TIM_UpdateDisableConfig                  0x080022d5   Thumb Code    24  stm32f10x_tim.o(.text)
    TIM_UpdateRequestConfig                  0x080022ed   Thumb Code    24  stm32f10x_tim.o(.text)
    TIM_SelectHallSensor                     0x08002305   Thumb Code    24  stm32f10x_tim.o(.text)
    TIM_SelectOnePulseMode                   0x0800231d   Thumb Code    18  stm32f10x_tim.o(.text)
    TIM_SelectOutputTrigger                  0x0800232f   Thumb Code    18  stm32f10x_tim.o(.text)
    TIM_SelectSlaveMode                      0x08002341   Thumb Code    18  stm32f10x_tim.o(.text)
    TIM_SelectMasterSlaveMode                0x08002353   Thumb Code    18  stm32f10x_tim.o(.text)
    TIM_SetCounter                           0x08002365   Thumb Code     4  stm32f10x_tim.o(.text)
    TIM_SetAutoreload                        0x08002369   Thumb Code     4  stm32f10x_tim.o(.text)
    TIM_SetCompare1                          0x0800236d   Thumb Code     4  stm32f10x_tim.o(.text)
    TIM_SetCompare2                          0x08002371   Thumb Code     4  stm32f10x_tim.o(.text)
    TIM_SetCompare3                          0x08002375   Thumb Code     4  stm32f10x_tim.o(.text)
    TIM_SetCompare4                          0x08002379   Thumb Code     6  stm32f10x_tim.o(.text)
    TIM_SetClockDivision                     0x0800237f   Thumb Code    18  stm32f10x_tim.o(.text)
    TIM_GetCapture1                          0x08002391   Thumb Code     6  stm32f10x_tim.o(.text)
    TIM_GetCapture2                          0x08002397   Thumb Code     6  stm32f10x_tim.o(.text)
    TIM_GetCapture3                          0x0800239d   Thumb Code     6  stm32f10x_tim.o(.text)
    TIM_GetCapture4                          0x080023a3   Thumb Code     8  stm32f10x_tim.o(.text)
    TIM_GetCounter                           0x080023ab   Thumb Code     6  stm32f10x_tim.o(.text)
    TIM_GetPrescaler                         0x080023b1   Thumb Code     6  stm32f10x_tim.o(.text)
    TIM_GetFlagStatus                        0x080023b7   Thumb Code    18  stm32f10x_tim.o(.text)
    TIM_ClearFlag                            0x080023c9   Thumb Code     6  stm32f10x_tim.o(.text)
    TIM_GetITStatus                          0x080023cf   Thumb Code    34  stm32f10x_tim.o(.text)
    TIM_ClearITPendingBit                    0x080023f1   Thumb Code     6  stm32f10x_tim.o(.text)
    EXTI_DeInit                              0x080023f9   Thumb Code    28  stm32f10x_exti.o(.text)
    EXTI_Init                                0x08002415   Thumb Code   142  stm32f10x_exti.o(.text)
    EXTI_StructInit                          0x080024a3   Thumb Code    16  stm32f10x_exti.o(.text)
    EXTI_GenerateSWInterrupt                 0x080024b3   Thumb Code    16  stm32f10x_exti.o(.text)
    EXTI_GetFlagStatus                       0x080024c3   Thumb Code    22  stm32f10x_exti.o(.text)
    EXTI_ClearFlag                           0x080024d9   Thumb Code     8  stm32f10x_exti.o(.text)
    EXTI_GetITStatus                         0x080024e1   Thumb Code    34  stm32f10x_exti.o(.text)
    EXTI_ClearITPendingBit                   0x08002503   Thumb Code     8  stm32f10x_exti.o(.text)
    IWDG_WriteAccessCmd                      0x08002515   Thumb Code     6  stm32f10x_iwdg.o(.text)
    IWDG_SetPrescaler                        0x0800251b   Thumb Code     6  stm32f10x_iwdg.o(.text)
    IWDG_SetReload                           0x08002521   Thumb Code     6  stm32f10x_iwdg.o(.text)
    IWDG_ReloadCounter                       0x08002527   Thumb Code    10  stm32f10x_iwdg.o(.text)
    IWDG_Enable                              0x08002531   Thumb Code    10  stm32f10x_iwdg.o(.text)
    IWDG_GetFlagStatus                       0x0800253b   Thumb Code    20  stm32f10x_iwdg.o(.text)
    SPI_I2S_DeInit                           0x08002555   Thumb Code    76  stm32f10x_spi.o(.text)
    SPI_Init                                 0x080025a1   Thumb Code    60  stm32f10x_spi.o(.text)
    I2S_Init                                 0x080025dd   Thumb Code   226  stm32f10x_spi.o(.text)
    SPI_StructInit                           0x080026bf   Thumb Code    24  stm32f10x_spi.o(.text)
    I2S_StructInit                           0x080026d7   Thumb Code    20  stm32f10x_spi.o(.text)
    SPI_Cmd                                  0x080026eb   Thumb Code    24  stm32f10x_spi.o(.text)
    I2S_Cmd                                  0x08002703   Thumb Code    24  stm32f10x_spi.o(.text)
    SPI_I2S_ITConfig                         0x0800271b   Thumb Code    32  stm32f10x_spi.o(.text)
    SPI_I2S_DMACmd                           0x0800273b   Thumb Code    18  stm32f10x_spi.o(.text)
    SPI_I2S_SendData                         0x0800274d   Thumb Code     4  stm32f10x_spi.o(.text)
    SPI_I2S_ReceiveData                      0x08002751   Thumb Code     6  stm32f10x_spi.o(.text)
    SPI_NSSInternalSoftwareConfig            0x08002757   Thumb Code    30  stm32f10x_spi.o(.text)
    SPI_SSOutputCmd                          0x08002775   Thumb Code    24  stm32f10x_spi.o(.text)
    SPI_DataSizeConfig                       0x0800278d   Thumb Code    18  stm32f10x_spi.o(.text)
    SPI_TransmitCRC                          0x0800279f   Thumb Code    10  stm32f10x_spi.o(.text)
    SPI_CalculateCRC                         0x080027a9   Thumb Code    24  stm32f10x_spi.o(.text)
    SPI_GetCRC                               0x080027c1   Thumb Code    16  stm32f10x_spi.o(.text)
    SPI_GetCRCPolynomial                     0x080027d1   Thumb Code     6  stm32f10x_spi.o(.text)
    SPI_BiDirectionalLineConfig              0x080027d7   Thumb Code    28  stm32f10x_spi.o(.text)
    SPI_I2S_GetFlagStatus                    0x080027f3   Thumb Code    18  stm32f10x_spi.o(.text)
    SPI_I2S_ClearFlag                        0x08002805   Thumb Code     6  stm32f10x_spi.o(.text)
    SPI_I2S_GetITStatus                      0x0800280b   Thumb Code    52  stm32f10x_spi.o(.text)
    SPI_I2S_ClearITPendingBit                0x0800283f   Thumb Code    20  stm32f10x_spi.o(.text)
    IWDG_Init                                0x08002861   Thumb Code    36  main.o(.text)
    IWDG_Feed                                0x08002885   Thumb Code     8  main.o(.text)
    main                                     0x0800288d   Thumb Code   138  main.o(.text)
    NMI_Handler                              0x08002929   Thumb Code     2  stm32f10x_it.o(.text)
    HardFault_Handler                        0x0800292b   Thumb Code     4  stm32f10x_it.o(.text)
    MemManage_Handler                        0x0800292f   Thumb Code     4  stm32f10x_it.o(.text)
    BusFault_Handler                         0x08002933   Thumb Code     4  stm32f10x_it.o(.text)
    UsageFault_Handler                       0x08002937   Thumb Code     4  stm32f10x_it.o(.text)
    SVC_Handler                              0x0800293b   Thumb Code     2  stm32f10x_it.o(.text)
    DebugMon_Handler                         0x0800293d   Thumb Code     2  stm32f10x_it.o(.text)
    PendSV_Handler                           0x0800293f   Thumb Code     2  stm32f10x_it.o(.text)
    SysTick_Handler                          0x08002941   Thumb Code     8  stm32f10x_it.o(.text)
    EXTI0_IRQHandler                         0x08002949   Thumb Code     2  stm32f10x_it.o(.text)
    SysTick_Init                             0x0800294d   Thumb Code   106  bsp_systick.o(.text)
    delay_us                                 0x080029b7   Thumb Code    36  bsp_systick.o(.text)
    TimingDelay_Decrement                    0x080029db   Thumb Code    18  bsp_systick.o(.text)
    crc16                                    0x08002a01   Thumb Code    56  crc_16.o(.text)
    BCC_CheckSum                             0x08002a39   Thumb Code    26  crc_16.o(.text)
    checksum                                 0x08002a53   Thumb Code    30  crc_16.o(.text)
    TIM2_NVIC_Configuration                  0x08002a71   Thumb Code    42  tim2.o(.text)
    TIM2_Configuration                       0x08002a9b   Thumb Code    70  tim2.o(.text)
    TIM2_IRQHandler                          0x08002ae1   Thumb Code   136  tim2.o(.text)
    Power_IO_Init                            0x08002b79   Thumb Code    64  user_gpio.o(.text)
    ADS1299_Power_IO_Init                    0x08002bb9   Thumb Code    46  user_gpio.o(.text)
    RGB_IO_Init                              0x08002be7   Thumb Code    38  user_gpio.o(.text)
    recharge_IO_Init                         0x08002c0d   Thumb Code    46  user_gpio.o(.text)
    All_IO_Init                              0x08002c3b   Thumb Code    20  user_gpio.o(.text)
    ws2812b_writebyte_byt                    0x08002c61   Thumb Code   100  power_rgb.o(.text)
    ws2812b_write_rgb_byte                   0x08002cc5   Thumb Code    28  power_rgb.o(.text)
    blue_light                               0x08002ce1   Thumb Code    16  power_rgb.o(.text)
    ice_blue_light                           0x08002cf1   Thumb Code    16  power_rgb.o(.text)
    Power_ON                                 0x08002d01   Thumb Code    82  power_rgb.o(.text)
    Power_OFF                                0x08002d53   Thumb Code    80  power_rgb.o(.text)
    NVIC2_Configuration                      0x08002db9   Thumb Code    40  user_usart2.o(.text)
    USART2_Config                            0x08002de1   Thumb Code   304  user_usart2.o(.text)
    USART2_Send_Data                         0x08002f11   Thumb Code    60  user_usart2.o(.text)
    USART2_IRQHandler                        0x08002f4d   Thumb Code    86  user_usart2.o(.text)
    Send_channel_data_to_wifi                0x08002fa3   Thumb Code   172  user_usart2.o(.text)
    RX2_Data                                 0x0800304f   Thumb Code    34  user_usart2.o(.text)
    SPI1_Init                                0x08003095   Thumb Code   114  user_spi.o(.text)
    SPI_GPIO_Init                            0x08003107   Thumb Code    82  user_spi.o(.text)
    drdy_exti_init                           0x08003159   Thumb Code   208  user_spi.o(.text)
    ads1299_GPIO_Init                        0x08003229   Thumb Code    12  user_spi.o(.text)
    SPI1_ReadWriteByte                       0x08003235   Thumb Code    70  user_spi.o(.text)
    ADS1299_SPS_Change                       0x08003403   Thumb Code    32  ads1299.o(.text)
    ADS1299_PGA_Change_One                   0x08003423   Thumb Code   212  ads1299.o(.text)
    ADS1299_PGA_Change                       0x080034f7   Thumb Code    70  ads1299.o(.text)
    ADS1299_MODE_Change                      0x0800353d   Thumb Code   158  ads1299.o(.text)
    ADS1299_RILOUT_Change                    0x080035db   Thumb Code    10  ads1299.o(.text)
    ADS1299_LOFF_Change                      0x080035e5   Thumb Code    26  ads1299.o(.text)
    ADS1299_REG_Init                         0x08003657   Thumb Code    24  ads1299.o(.text)
    ADS1299_Read_Data                        0x08003691   Thumb Code   140  ads1299.o(.text)
    ADS1299_Device_One_Init                  0x0800371d   Thumb Code    66  ads1299.o(.text)
    ADS1299_Device_Two_Init                  0x0800375f   Thumb Code    66  ads1299.o(.text)
    read_all_ads1299_data                    0x080037a1   Thumb Code    56  ads1299.o(.text)
    TIM1_PWM_Init                            0x080037f1   Thumb Code   266  led.o(.text)
    TIM3_PWM_Init                            0x080038fb   Thumb Code   154  led.o(.text)
    TIM4_PWM_Init                            0x08003995   Thumb Code   156  led.o(.text)
    TIM5_PWM_Init                            0x08003a31   Thumb Code   154  led.o(.text)
    TIM8_PWM_Init                            0x08003acb   Thumb Code   202  led.o(.text)
    All_led_pwm_init                         0x08003b95   Thumb Code    44  led.o(.text)
    forehead_led_control                     0x08003bc1   Thumb Code    22  led.o(.text)
    forehead_led_breathe                     0x08003bd7   Thumb Code   212  led.o(.text)
    electrode_led_open                       0x08003cab   Thumb Code    60  led.o(.text)
    electrode_led_close                      0x08003ce7   Thumb Code    52  led.o(.text)
    electrode_led_control                    0x08003d1b   Thumb Code   702  led.o(.text)
    ADC_Config                               0x08003ff9   Thumb Code   230  user_adc.o(.text)
    electric_quantity_calculation            0x080040df   Thumb Code   220  user_adc.o(.text)
    initList                                 0x080041ed   Thumb Code     6  linked_list.o(.text)
    insertData                               0x080041f3   Thumb Code    70  linked_list.o(.text)
    extractData                              0x08004239   Thumb Code    52  linked_list.o(.text)
    isEmpty                                  0x0800426d   Thumb Code    12  linked_list.o(.text)
    length                                   0x08004279   Thumb Code    18  linked_list.o(.text)
    NVIC4_Configuration                      0x080042b9   Thumb Code    40  user_usart4.o(.text)
    USART4_Config                            0x080042e1   Thumb Code   320  user_usart4.o(.text)
    USART4_Send_Data                         0x08004421   Thumb Code    56  user_usart4.o(.text)
    UART4_IRQHandler                         0x08004459   Thumb Code    88  user_usart4.o(.text)
    acquisition_state_set                    0x080044b1   Thumb Code    32  user_usart4.o(.text)
    electrode_state_set                      0x080044d1   Thumb Code    32  user_usart4.o(.text)
    test_state_set                           0x080044f1   Thumb Code    32  user_usart4.o(.text)
    RX4_Data                                 0x08004511   Thumb Code    48  user_usart4.o(.text)
    EXTI4_IRQHandler                         0x08004571   Thumb Code    42  data_processing.o(.text)
    EXTI9_5_IRQHandler                       0x0800459b   Thumb Code    42  data_processing.o(.text)
    get_volt                                 0x080045c5   Thumb Code    10  data_processing.o(.text)
    ads1299_data_send                        0x080045cf   Thumb Code   562  data_processing.o(.text)
    ads1299_data_processing                  0x08004801   Thumb Code    60  data_processing.o(.text)
    ALL_Data_Rec                             0x0800483d   Thumb Code    70  data_processing.o(.text)
    NVIC3_Configuration                      0x080048dd   Thumb Code    40  user_usart3.o(.text)
    USART3_Config                            0x08004905   Thumb Code   306  user_usart3.o(.text)
    USART3_Send_Data                         0x08004a37   Thumb Code    56  user_usart3.o(.text)
    USART3_IRQHandler                        0x08004a6f   Thumb Code    86  user_usart3.o(.text)
    Send_channel_data2                       0x08004ac5   Thumb Code   146  user_usart3.o(.text)
    RX3_Data                                 0x08004b57   Thumb Code    26  user_usart3.o(.text)
    rand                                     0x08004b95   Thumb Code    20  rand.o(.text)
    srand                                    0x08004ba9   Thumb Code     6  rand.o(.text)
    __aeabi_memcpy                           0x08004bb9   Thumb Code    36  memcpya.o(.text)
    __aeabi_memcpy4                          0x08004bb9   Thumb Code     0  memcpya.o(.text)
    __aeabi_memcpy8                          0x08004bb9   Thumb Code     0  memcpya.o(.text)
    __aeabi_fadd                             0x08004bdd   Thumb Code   164  fadd.o(.text)
    __aeabi_fsub                             0x08004c81   Thumb Code     6  fadd.o(.text)
    __aeabi_frsub                            0x08004c87   Thumb Code     6  fadd.o(.text)
    __aeabi_fmul                             0x08004c8d   Thumb Code   100  fmul.o(.text)
    __aeabi_fdiv                             0x08004cf1   Thumb Code   124  fdiv.o(.text)
    __aeabi_dadd                             0x08004d6d   Thumb Code   322  dadd.o(.text)
    __aeabi_dsub                             0x08004eaf   Thumb Code     6  dadd.o(.text)
    __aeabi_drsub                            0x08004eb5   Thumb Code     6  dadd.o(.text)
    __aeabi_dmul                             0x08004ebb   Thumb Code   228  dmul.o(.text)
    __aeabi_ddiv                             0x08004f9f   Thumb Code   222  ddiv.o(.text)
    __aeabi_i2d                              0x0800507d   Thumb Code    34  dflti.o(.text)
    __aeabi_ui2d                             0x0800509f   Thumb Code    26  dfltui.o(.text)
    __aeabi_f2iz                             0x080050b9   Thumb Code    50  ffixi.o(.text)
    __aeabi_d2uiz                            0x080050eb   Thumb Code    50  dfixui.o(.text)
    __aeabi_f2d                              0x0800511d   Thumb Code    38  f2d.o(.text)
    __aeabi_d2f                              0x08005143   Thumb Code    56  d2f.o(.text)
    __aeabi_llsl                             0x0800517b   Thumb Code    30  llshl.o(.text)
    _ll_shift_l                              0x0800517b   Thumb Code     0  llshl.o(.text)
    __aeabi_llsr                             0x08005199   Thumb Code    32  llushr.o(.text)
    _ll_ushift_r                             0x08005199   Thumb Code     0  llushr.o(.text)
    __aeabi_lasr                             0x080051b9   Thumb Code    36  llsshr.o(.text)
    _ll_sshift_r                             0x080051b9   Thumb Code     0  llsshr.o(.text)
    __I$use$fp                               0x080051dd   Thumb Code     0  iusefp.o(.text)
    _float_round                             0x080051dd   Thumb Code    18  fepilogue.o(.text)
    _float_epilogue                          0x080051ef   Thumb Code    92  fepilogue.o(.text)
    _double_round                            0x0800524b   Thumb Code    30  depilogue.o(.text)
    _double_epilogue                         0x08005269   Thumb Code   156  depilogue.o(.text)
    __scatterload                            0x08005305   Thumb Code    28  init.o(.text)
    __scatterload_rt2                        0x08005305   Thumb Code     0  init.o(.text)
    __0printf$bare                           0x08005329   Thumb Code     8  printfb.o(i.__0printf$bare)
    __1printf$bare                           0x08005329   Thumb Code     0  printfb.o(i.__0printf$bare)
    __2printf                                0x08005329   Thumb Code     0  printfb.o(i.__0printf$bare)
    __I$use$semihosting$fputc                0x08005329   Thumb Code     0  iusesemip.o(.text)
    __semihosting_library_function           0x08005329   Thumb Code     0  semi.o(.text)
    __scatterload_copy                       0x08005339   Thumb Code    14  handlers.o(i.__scatterload_copy)
    __scatterload_null                       0x08005347   Thumb Code     2  handlers.o(i.__scatterload_null)
    __scatterload_zeroinit                   0x08005349   Thumb Code    14  handlers.o(i.__scatterload_zeroinit)
    fputc                                    0x08005379   Thumb Code    18  fputc.o(i.fputc)
    free                                     0x0800538d   Thumb Code    76  malloc.o(i.free)
    malloc                                   0x080053dd   Thumb Code    92  malloc.o(i.malloc)
    Region$$Table$$Base                      0x08005448   Number         0  anon$$obj.o(Region$$Table)
    Region$$Table$$Limit                     0x08005468   Number         0  anon$$obj.o(Region$$Table)
    SystemCoreClock                          0x20000000   Data           4  system_stm32f10x.o(.data)
    AHBPrescTable                            0x20000004   Data          16  system_stm32f10x.o(.data)
    head_one                                 0x20000028   Data           4  main.o(.data)
    head_two                                 0x2000002c   Data           4  main.o(.data)
    test_11                                  0x20000030   Data           1  main.o(.data)
    test_22                                  0x20000031   Data           1  main.o(.data)
    time_2                                   0x20000038   Data           1  tim2.o(.data)
    time_5ms                                 0x2000003a   Data           2  tim2.o(.data)
    Read_BMI088_time                         0x2000003c   Data           2  tim2.o(.data)
    Charge_calculation_time                  0x20000040   Data           4  tim2.o(.data)
    test_flag                                0x20000044   Data           1  tim2.o(.data)
    data_send_time                           0x20000048   Data           4  tim2.o(.data)
    power_off_time                           0x2000004c   Data           4  power_rgb.o(.data)
    power_off_sign                           0x20000050   Data           1  power_rgb.o(.data)
    USART2_TX_BUF                            0x20000052   Data           1  user_usart2.o(.data)
    USART2_RX_CNT                            0x20000054   Data           2  user_usart2.o(.data)
    Usart2_Rx_Flog                           0x20000056   Data           1  user_usart2.o(.data)
    read_ads1299_step                        0x20000058   Data           1  ads1299.o(.data)
    ADS1299_REG_BUF                          0x20000059   Data          24  ads1299.o(.data)
    test_leng                                0x20000074   Data           4  ads1299.o(.data)
    forehead_led                             0x20000078   Data           8  led.o(.data)
    ra_i                                     0x20000080   Data           1  led.o(.data)
    USART4_TX_BUF                            0x20000082   Data           1  user_usart4.o(.data)
    USART4_RX_CNT                            0x20000084   Data           2  user_usart4.o(.data)
    Usart4_Rx_Flog                           0x20000086   Data           1  user_usart4.o(.data)
    send_buf                                 0x20000087   Data           4  user_usart4.o(.data)
    USART3_TX_BUF                            0x2000008c   Data           1  user_usart3.o(.data)
    USART3_RX_CNT                            0x2000008e   Data           2  user_usart3.o(.data)
    Usart3_Rx_Flog                           0x20000090   Data           1  user_usart3.o(.data)
    __stdout                                 0x20000098   Data           4  stdout.o(.data)
    __microlib_freelist                      0x2000009c   Data           4  mvars.o(.data)
    __microlib_freelist_initialised          0x200000a0   Data           4  mvars.o(.data)
    USART2_RX_BUF                            0x200000a4   Data         128  user_usart2.o(.bss)
    USART2_data_buf                          0x20000124   Data         100  user_usart2.o(.bss)
    ADS1299_One_info                         0x200001d4   Data         512  ads1299.o(.bss)
    ADS1299_Two_info                         0x200003d4   Data         512  ads1299.o(.bss)
    test_data                                0x200005d4   Data          24  ads1299.o(.bss)
    test_cannle_data                         0x200005ec   Data          32  ads1299.o(.bss)
    adc_ptr                                  0x2000060c   Data         216  user_adc.o(.bss)
    USART4_RX_BUF                            0x200006e4   Data         100  user_usart4.o(.bss)
    USART4_data_buf                          0x20000748   Data         100  user_usart4.o(.bss)
    USART3_RX_BUF                            0x200007ac   Data         128  user_usart3.o(.bss)
    USART1_data_buf                          0x2000082c   Data         100  user_usart3.o(.bss)
    __heap_base                              0x200008e0   Data           0  startup_stm32f10x_hd.o(HEAP)
    __heap_limit                             0x200028e0   Data           0  startup_stm32f10x_hd.o(HEAP)
    __initial_sp                             0x200088e0   Data           0  startup_stm32f10x_hd.o(STACK)



==============================================================================

Memory Map of the image

  Image Entry point : 0x08000131

  Load Region LR_IROM1 (Base: 0x08000000, Size: 0x0000550c, Max: 0x00080000, ABSOLUTE)

    Execution Region ER_IROM1 (Exec base: 0x08000000, Load base: 0x08000000, Size: 0x00005468, Max: 0x00080000, ABSOLUTE)

    Exec Addr    Load Addr    Size         Type   Attr      Idx    E Section Name        Object

    0x08000000   0x08000000   0x00000130   Data   RO            3    RESET               startup_stm32f10x_hd.o
    0x08000130   0x08000130   0x00000000   Code   RO          787  * .ARM.Collect$$$$00000000  mc_w.l(entry.o)
    0x08000130   0x08000130   0x00000004   Code   RO         1111    .ARM.Collect$$$$00000001  mc_w.l(entry2.o)
    0x08000134   0x08000134   0x00000004   Code   RO         1114    .ARM.Collect$$$$00000004  mc_w.l(entry5.o)
    0x08000138   0x08000138   0x00000000   Code   RO         1116    .ARM.Collect$$$$00000008  mc_w.l(entry7b.o)
    0x08000138   0x08000138   0x00000000   Code   RO         1118    .ARM.Collect$$$$0000000A  mc_w.l(entry8b.o)
    0x08000138   0x08000138   0x00000008   Code   RO         1119    .ARM.Collect$$$$0000000B  mc_w.l(entry9a.o)
    0x08000140   0x08000140   0x00000004   Code   RO         1126    .ARM.Collect$$$$0000000E  mc_w.l(entry12b.o)
    0x08000144   0x08000144   0x00000000   Code   RO         1121    .ARM.Collect$$$$0000000F  mc_w.l(entry10a.o)
    0x08000144   0x08000144   0x00000000   Code   RO         1123    .ARM.Collect$$$$00000011  mc_w.l(entry11a.o)
    0x08000144   0x08000144   0x00000004   Code   RO         1112    .ARM.Collect$$$$00002712  mc_w.l(entry2.o)
    0x08000148   0x08000148   0x00000024   Code   RO            4    .text               startup_stm32f10x_hd.o
    0x0800016c   0x0800016c   0x000001e4   Code   RO           24    .text               system_stm32f10x.o
    0x08000350   0x08000350   0x000000dc   Code   RO           52    .text               misc.o
    0x0800042c   0x0800042c   0x00000254   Code   RO           71    .text               stm32f10x_dma.o
    0x08000680   0x08000680   0x0000035c   Code   RO          104    .text               stm32f10x_gpio.o
    0x080009dc   0x080009dc   0x000003a8   Code   RO          119    .text               stm32f10x_rcc.o
    0x08000d84   0x08000d84   0x00000408   Code   RO          133    .text               stm32f10x_usart.o
    0x0800118c   0x0800118c   0x0000044e   Code   RO          148    .text               stm32f10x_adc.o
    0x080015da   0x080015da   0x00000002   PAD
    0x080015dc   0x080015dc   0x00000e1a   Code   RO          163    .text               stm32f10x_tim.o
    0x080023f6   0x080023f6   0x00000002   PAD
    0x080023f8   0x080023f8   0x0000011c   Code   RO          268    .text               stm32f10x_exti.o
    0x08002514   0x08002514   0x00000040   Code   RO          313    .text               stm32f10x_iwdg.o
    0x08002554   0x08002554   0x0000030c   Code   RO          373    .text               stm32f10x_spi.o
    0x08002860   0x08002860   0x000000c8   Code   RO          403    .text               main.o
    0x08002928   0x08002928   0x00000022   Code   RO          481    .text               stm32f10x_it.o
    0x0800294a   0x0800294a   0x00000002   PAD
    0x0800294c   0x0800294c   0x000000b4   Code   RO          497    .text               bsp_systick.o
    0x08002a00   0x08002a00   0x00000070   Code   RO          554    .text               crc_16.o
    0x08002a70   0x08002a70   0x00000108   Code   RO          569    .text               tim2.o
    0x08002b78   0x08002b78   0x000000e8   Code   RO          584    .text               user_gpio.o
    0x08002c60   0x08002c60   0x00000158   Code   RO          596    .text               power_rgb.o
    0x08002db8   0x08002db8   0x000002dc   Code   RO          614    .text               user_usart2.o
    0x08003094   0x08003094   0x000001f4   Code   RO          634    .text               user_spi.o
    0x08003288   0x08003288   0x00000568   Code   RO          646    .text               ads1299.o
    0x080037f0   0x080037f0   0x00000808   Code   RO          684    .text               led.o
    0x08003ff8   0x08003ff8   0x000001f4   Code   RO          702    .text               user_adc.o
    0x080041ec   0x080041ec   0x000000cc   Code   RO          720    .text               linked_list.o
    0x080042b8   0x080042b8   0x000002b8   Code   RO          732    .text               user_usart4.o
    0x08004570   0x08004570   0x0000036c   Code   RO          752    .text               data_processing.o
    0x080048dc   0x080048dc   0x000002b8   Code   RO          767    .text               user_usart3.o
    0x08004b94   0x08004b94   0x00000024   Code   RO          790    .text               mc_w.l(rand.o)
    0x08004bb8   0x08004bb8   0x00000024   Code   RO          793    .text               mc_w.l(memcpya.o)
    0x08004bdc   0x08004bdc   0x000000b0   Code   RO         1085    .text               mf_w.l(fadd.o)
    0x08004c8c   0x08004c8c   0x00000064   Code   RO         1087    .text               mf_w.l(fmul.o)
    0x08004cf0   0x08004cf0   0x0000007c   Code   RO         1089    .text               mf_w.l(fdiv.o)
    0x08004d6c   0x08004d6c   0x0000014e   Code   RO         1091    .text               mf_w.l(dadd.o)
    0x08004eba   0x08004eba   0x000000e4   Code   RO         1093    .text               mf_w.l(dmul.o)
    0x08004f9e   0x08004f9e   0x000000de   Code   RO         1095    .text               mf_w.l(ddiv.o)
    0x0800507c   0x0800507c   0x00000022   Code   RO         1099    .text               mf_w.l(dflti.o)
    0x0800509e   0x0800509e   0x0000001a   Code   RO         1101    .text               mf_w.l(dfltui.o)
    0x080050b8   0x080050b8   0x00000032   Code   RO         1103    .text               mf_w.l(ffixi.o)
    0x080050ea   0x080050ea   0x00000032   Code   RO         1105    .text               mf_w.l(dfixui.o)
    0x0800511c   0x0800511c   0x00000026   Code   RO         1107    .text               mf_w.l(f2d.o)
    0x08005142   0x08005142   0x00000038   Code   RO         1109    .text               mf_w.l(d2f.o)
    0x0800517a   0x0800517a   0x0000001e   Code   RO         1134    .text               mc_w.l(llshl.o)
    0x08005198   0x08005198   0x00000020   Code   RO         1136    .text               mc_w.l(llushr.o)
    0x080051b8   0x080051b8   0x00000024   Code   RO         1138    .text               mc_w.l(llsshr.o)
    0x080051dc   0x080051dc   0x00000000   Code   RO         1142    .text               mc_w.l(iusefp.o)
    0x080051dc   0x080051dc   0x0000006e   Code   RO         1143    .text               mf_w.l(fepilogue.o)
    0x0800524a   0x0800524a   0x000000ba   Code   RO         1145    .text               mf_w.l(depilogue.o)
    0x08005304   0x08005304   0x00000024   Code   RO         1151    .text               mc_w.l(init.o)
    0x08005328   0x08005328   0x00000000   Code   RO         1153    .text               mc_w.l(semi.o)
    0x08005328   0x08005328   0x00000000   Code   RO         1154    .text               mc_w.l(iusesemip.o)
    0x08005328   0x08005328   0x00000010   Code   RO          798    i.__0printf$bare    mc_w.l(printfb.o)
    0x08005338   0x08005338   0x0000000e   Code   RO         1157    i.__scatterload_copy  mc_w.l(handlers.o)
    0x08005346   0x08005346   0x00000002   Code   RO         1158    i.__scatterload_null  mc_w.l(handlers.o)
    0x08005348   0x08005348   0x0000000e   Code   RO         1159    i.__scatterload_zeroinit  mc_w.l(handlers.o)
    0x08005356   0x08005356   0x00000022   Code   RO          805    i._printf_core      mc_w.l(printfb.o)
    0x08005378   0x08005378   0x00000012   Code   RO         1127    i.fputc             mc_w.l(fputc.o)
    0x0800538a   0x0800538a   0x00000002   PAD
    0x0800538c   0x0800538c   0x00000050   Code   RO         1057    i.free              mc_w.l(malloc.o)
    0x080053dc   0x080053dc   0x0000006c   Code   RO         1058    i.malloc            mc_w.l(malloc.o)
    0x08005448   0x08005448   0x00000020   Data   RO         1155    Region$$Table       anon$$obj.o


    Execution Region RW_IRAM1 (Exec base: 0x20000000, Load base: 0x08005468, Size: 0x000088e0, Max: 0x00010000, ABSOLUTE)

    Exec Addr    Load Addr    Size         Type   Attr      Idx    E Section Name        Object

    0x20000000   0x08005468   0x00000014   Data   RW           25    .data               system_stm32f10x.o
    0x20000014   0x0800547c   0x00000014   Data   RW          120    .data               stm32f10x_rcc.o
    0x20000028   0x08005490   0x0000000a   Data   RW          405    .data               main.o
    0x20000032   0x0800549a   0x00000002   PAD
    0x20000034   0x0800549c   0x00000004   Data   RW          498    .data               bsp_systick.o
    0x20000038   0x080054a0   0x00000014   Data   RW          570    .data               tim2.o
    0x2000004c   0x080054b4   0x00000005   Data   RW          597    .data               power_rgb.o
    0x20000051   0x080054b9   0x00000001   PAD
    0x20000052   0x080054ba   0x00000005   Data   RW          616    .data               user_usart2.o
    0x20000057   0x080054bf   0x00000001   PAD
    0x20000058   0x080054c0   0x00000020   Data   RW          648    .data               ads1299.o
    0x20000078   0x080054e0   0x00000009   Data   RW          685    .data               led.o
    0x20000081   0x080054e9   0x00000001   PAD
    0x20000082   0x080054ea   0x00000009   Data   RW          734    .data               user_usart4.o
    0x2000008b   0x080054f3   0x00000001   PAD
    0x2000008c   0x080054f4   0x00000005   Data   RW          769    .data               user_usart3.o
    0x20000091   0x080054f9   0x00000003   PAD
    0x20000094   0x080054fc   0x00000004   Data   RW          791    .data               mc_w.l(rand.o)
    0x20000098   0x08005500   0x00000004   Data   RW         1129    .data               mc_w.l(stdout.o)
    0x2000009c   0x08005504   0x00000004   Data   RW         1140    .data               mc_w.l(mvars.o)
    0x200000a0   0x08005508   0x00000004   Data   RW         1141    .data               mc_w.l(mvars.o)
    0x200000a4        -       0x00000130   Zero   RW          615    .bss                user_usart2.o
    0x200001d4        -       0x00000438   Zero   RW          647    .bss                ads1299.o
    0x2000060c        -       0x000000d8   Zero   RW          703    .bss                user_adc.o
    0x200006e4        -       0x000000c8   Zero   RW          733    .bss                user_usart4.o
    0x200007ac        -       0x00000130   Zero   RW          768    .bss                user_usart3.o
    0x200008dc   0x0800550c   0x00000004   PAD
    0x200008e0        -       0x00002000   Zero   RW            2    HEAP                startup_stm32f10x_hd.o
    0x200028e0        -       0x00006000   Zero   RW            1    STACK               startup_stm32f10x_hd.o


==============================================================================

Image component sizes


      Code (inc. data)   RO Data    RW Data    ZI Data      Debug   Object Name

      1384         46          0         32       1080       8185   ads1299.o
       180         20          0          4          0      16677   bsp_systick.o
         0          0          0          0          0       4508   core_cm3.o
       112          0          0          0          0       1570   crc_16.o
       876         90          0          0          0       1510   data_processing.o
      2056         84          0          9          0       4896   led.o
       204         46          0          0          0       2037   linked_list.o
       200         18          0         10          0       2593   main.o
       220         22          0          0          0       3481   misc.o
       344         22          0          5          0       1984   power_rgb.o
        36          8        304          0      32768        868   startup_stm32f10x_hd.o
      1102         26          0          0          0      20085   stm32f10x_adc.o
       596          8          0          0          0      22950   stm32f10x_dma.o
       284         10          0          0          0       4431   stm32f10x_exti.o
       860         38          0          0          0      14093   stm32f10x_gpio.o
        34          0          0          0          0       2507   stm32f10x_it.o
        64          6          0          0          0       1273   stm32f10x_iwdg.o
       936         40          0         20          0       8900   stm32f10x_rcc.o
       780         14          0          0          0      13526   stm32f10x_spi.o
      3610         88          0          0          0      43192   stm32f10x_tim.o
      1032         22          0          0          0      14496   stm32f10x_usart.o
       484         42          0         20          0     204995   system_stm32f10x.o
       264         16          0         20          0       1473   tim2.o
       500         50          0          0        216       1681   user_adc.o
       232         18          0          0          0       1163   user_gpio.o
       500         14          0          0          0       1618   user_spi.o
       732         36          0          5        304       2781   user_usart2.o
       696         36          0          5        304       2862   user_usart3.o
       696         48          0          9        200       3084   user_usart4.o

    ----------------------------------------------------------------------
     19020        868        336        148      34876     413419   Object Totals
         0          0         32          0          0          0   (incl. Generated)
         6          0          0          9          4          0   (incl. Padding)

    ----------------------------------------------------------------------

      Code (inc. data)   RO Data    RW Data    ZI Data      Debug   Library Member Name

         0          0          0          0          0          0   entry.o
         0          0          0          0          0          0   entry10a.o
         0          0          0          0          0          0   entry11a.o
         4          0          0          0          0          0   entry12b.o
         8          4          0          0          0          0   entry2.o
         4          0          0          0          0          0   entry5.o
         0          0          0          0          0          0   entry7b.o
         0          0          0          0          0          0   entry8b.o
         8          4          0          0          0          0   entry9a.o
        18          0          0          0          0         80   fputc.o
        30          0          0          0          0          0   handlers.o
        36          8          0          0          0         68   init.o
         0          0          0          0          0          0   iusefp.o
         0          0          0          0          0          0   iusesemip.o
        30          0          0          0          0         68   llshl.o
        36          0          0          0          0         68   llsshr.o
        32          0          0          0          0         68   llushr.o
       188         20          0          0          0        160   malloc.o
        36          0          0          0          0         68   memcpya.o
         0          0          0          8          0          0   mvars.o
        50          8          0          0          0        152   printfb.o
        36         10          0          4          0        136   rand.o
         0          0          0          0          0          0   semi.o
         0          0          0          4          0          0   stdout.o
        56          0          0          0          0         88   d2f.o
       334          0          0          0          0        148   dadd.o
       222          0          0          0          0        100   ddiv.o
       186          0          0          0          0        176   depilogue.o
        50          0          0          0          0         76   dfixui.o
        34          0          0          0          0         76   dflti.o
        26          0          0          0          0         76   dfltui.o
       228          0          0          0          0         96   dmul.o
        38          0          0          0          0         68   f2d.o
       176          0          0          0          0        140   fadd.o
       124          0          0          0          0         88   fdiv.o
       110          0          0          0          0        168   fepilogue.o
        50          0          0          0          0         68   ffixi.o
       100          0          0          0          0         76   fmul.o

    ----------------------------------------------------------------------
      2252         54          0         16          0       2312   Library Totals
         2          0          0          0          0          0   (incl. Padding)

    ----------------------------------------------------------------------

      Code (inc. data)   RO Data    RW Data    ZI Data      Debug   Library Name

       516         54          0         16          0        868   mc_w.l
      1734          0          0          0          0       1444   mf_w.l

    ----------------------------------------------------------------------
      2252         54          0         16          0       2312   Library Totals

    ----------------------------------------------------------------------

==============================================================================


      Code (inc. data)   RO Data    RW Data    ZI Data      Debug   

     21272        922        336        164      34876     412035   Grand Totals
     21272        922        336        164      34876     412035   ELF Image Totals
     21272        922        336        164          0          0   ROM Totals

==============================================================================

    Total RO  Size (Code + RO Data)                21608 (  21.10kB)
    Total RW  Size (RW Data + ZI Data)             35040 (  34.22kB)
    Total ROM Size (Code + RO Data + RW Data)      21772 (  21.26kB)

==============================================================================

